../Core/Src/stm32f3xx_it.c:100:6:it_mode_rider	16	static
../Core/Src/stm32f3xx_it.c:117:6:it_mode_pwm	16	static
../Core/Src/stm32f3xx_it.c:154:6:it_mode_display	16	static
../Core/Src/stm32f3xx_it.c:171:6:it_mode_none	4	static
../Core/Src/stm32f3xx_it.c:176:6:it_mode_clear	16	static
../Core/Src/stm32f3xx_it.c:212:6:NMI_Handler	4	static
../Core/Src/stm32f3xx_it.c:227:6:HardFault_Handler	4	static
../Core/Src/stm32f3xx_it.c:242:6:MemManage_Handler	4	static
../Core/Src/stm32f3xx_it.c:257:6:BusFault_Handler	4	static
../Core/Src/stm32f3xx_it.c:272:6:UsageFault_Handler	4	static
../Core/Src/stm32f3xx_it.c:287:6:SVC_Handler	4	static
../Core/Src/stm32f3xx_it.c:300:6:DebugMon_Handler	4	static
../Core/Src/stm32f3xx_it.c:313:6:PendSV_Handler	4	static
../Core/Src/stm32f3xx_it.c:326:6:SysTick_Handler	8	static
../Core/Src/stm32f3xx_it.c:347:6:EXTI4_IRQHandler	88	static
../Core/Src/stm32f3xx_it.c:366:6:TIM2_IRQHandler	8	static
../Core/Src/stm32f3xx_it.c:382:6:USB_HP_IRQHandler	8	static
../Core/Src/stm32f3xx_it.c:396:6:USB_LP_IRQHandler	8	static
