Archive member included to satisfy reference by file (symbol)

c:/st/stm32cubeide_1.9.0/stm32cubeide/plugins/com.st.stm32cube.ide.mcu.externaltools.gnu-tools-for-stm32.10.3-2021.10.win32_1.0.0.202111181127/tools/bin/../lib/gcc/arm-none-eabi/10.3.1/../../../../arm-none-eabi/lib/thumb/v7e-m+fp/hard\libc_nano.a(lib_a-ctype_.o)
                              ./Core/Src/cli.o (_ctype_)
c:/st/stm32cubeide_1.9.0/stm32cubeide/plugins/com.st.stm32cube.ide.mcu.externaltools.gnu-tools-for-stm32.10.3-2021.10.win32_1.0.0.202111181127/tools/bin/../lib/gcc/arm-none-eabi/10.3.1/../../../../arm-none-eabi/lib/thumb/v7e-m+fp/hard\libc_nano.a(lib_a-errno.o)
                              ./Core/Src/syscalls.o (__errno)
c:/st/stm32cubeide_1.9.0/stm32cubeide/plugins/com.st.stm32cube.ide.mcu.externaltools.gnu-tools-for-stm32.10.3-2021.10.win32_1.0.0.202111181127/tools/bin/../lib/gcc/arm-none-eabi/10.3.1/../../../../arm-none-eabi/lib/thumb/v7e-m+fp/hard\libc_nano.a(lib_a-exit.o)
                              c:/st/stm32cubeide_1.9.0/stm32cubeide/plugins/com.st.stm32cube.ide.mcu.externaltools.gnu-tools-for-stm32.10.3-2021.10.win32_1.0.0.202111181127/tools/bin/../lib/gcc/arm-none-eabi/10.3.1/../../../../arm-none-eabi/lib/thumb/v7e-m+fp/hard/crt0.o (exit)
c:/st/stm32cubeide_1.9.0/stm32cubeide/plugins/com.st.stm32cube.ide.mcu.externaltools.gnu-tools-for-stm32.10.3-2021.10.win32_1.0.0.202111181127/tools/bin/../lib/gcc/arm-none-eabi/10.3.1/../../../../arm-none-eabi/lib/thumb/v7e-m+fp/hard\libc_nano.a(lib_a-impure.o)
                              c:/st/stm32cubeide_1.9.0/stm32cubeide/plugins/com.st.stm32cube.ide.mcu.externaltools.gnu-tools-for-stm32.10.3-2021.10.win32_1.0.0.202111181127/tools/bin/../lib/gcc/arm-none-eabi/10.3.1/../../../../arm-none-eabi/lib/thumb/v7e-m+fp/hard\libc_nano.a(lib_a-exit.o) (_global_impure_ptr)
c:/st/stm32cubeide_1.9.0/stm32cubeide/plugins/com.st.stm32cube.ide.mcu.externaltools.gnu-tools-for-stm32.10.3-2021.10.win32_1.0.0.202111181127/tools/bin/../lib/gcc/arm-none-eabi/10.3.1/../../../../arm-none-eabi/lib/thumb/v7e-m+fp/hard\libc_nano.a(lib_a-init.o)
                              c:/st/stm32cubeide_1.9.0/stm32cubeide/plugins/com.st.stm32cube.ide.mcu.externaltools.gnu-tools-for-stm32.10.3-2021.10.win32_1.0.0.202111181127/tools/bin/../lib/gcc/arm-none-eabi/10.3.1/../../../../arm-none-eabi/lib/thumb/v7e-m+fp/hard/crt0.o (__libc_init_array)
c:/st/stm32cubeide_1.9.0/stm32cubeide/plugins/com.st.stm32cube.ide.mcu.externaltools.gnu-tools-for-stm32.10.3-2021.10.win32_1.0.0.202111181127/tools/bin/../lib/gcc/arm-none-eabi/10.3.1/../../../../arm-none-eabi/lib/thumb/v7e-m+fp/hard\libc_nano.a(lib_a-isspace.o)
                              ./Core/Src/str.o (isspace)
c:/st/stm32cubeide_1.9.0/stm32cubeide/plugins/com.st.stm32cube.ide.mcu.externaltools.gnu-tools-for-stm32.10.3-2021.10.win32_1.0.0.202111181127/tools/bin/../lib/gcc/arm-none-eabi/10.3.1/../../../../arm-none-eabi/lib/thumb/v7e-m+fp/hard\libc_nano.a(lib_a-memcpy-stub.o)
                              ./Core/Src/str.o (memcpy)
c:/st/stm32cubeide_1.9.0/stm32cubeide/plugins/com.st.stm32cube.ide.mcu.externaltools.gnu-tools-for-stm32.10.3-2021.10.win32_1.0.0.202111181127/tools/bin/../lib/gcc/arm-none-eabi/10.3.1/../../../../arm-none-eabi/lib/thumb/v7e-m+fp/hard\libc_nano.a(lib_a-memset.o)
                              c:/st/stm32cubeide_1.9.0/stm32cubeide/plugins/com.st.stm32cube.ide.mcu.externaltools.gnu-tools-for-stm32.10.3-2021.10.win32_1.0.0.202111181127/tools/bin/../lib/gcc/arm-none-eabi/10.3.1/../../../../arm-none-eabi/lib/thumb/v7e-m+fp/hard/crt0.o (memset)
c:/st/stm32cubeide_1.9.0/stm32cubeide/plugins/com.st.stm32cube.ide.mcu.externaltools.gnu-tools-for-stm32.10.3-2021.10.win32_1.0.0.202111181127/tools/bin/../lib/gcc/arm-none-eabi/10.3.1/../../../../arm-none-eabi/lib/thumb/v7e-m+fp/hard\libc_nano.a(lib_a-nano-vfprintf_float.o)
                              (_printf_float)
c:/st/stm32cubeide_1.9.0/stm32cubeide/plugins/com.st.stm32cube.ide.mcu.externaltools.gnu-tools-for-stm32.10.3-2021.10.win32_1.0.0.202111181127/tools/bin/../lib/gcc/arm-none-eabi/10.3.1/../../../../arm-none-eabi/lib/thumb/v7e-m+fp/hard\libc_nano.a(lib_a-nano-vfprintf_i.o)
                              c:/st/stm32cubeide_1.9.0/stm32cubeide/plugins/com.st.stm32cube.ide.mcu.externaltools.gnu-tools-for-stm32.10.3-2021.10.win32_1.0.0.202111181127/tools/bin/../lib/gcc/arm-none-eabi/10.3.1/../../../../arm-none-eabi/lib/thumb/v7e-m+fp/hard\libc_nano.a(lib_a-nano-vfprintf_float.o) (_printf_common)
c:/st/stm32cubeide_1.9.0/stm32cubeide/plugins/com.st.stm32cube.ide.mcu.externaltools.gnu-tools-for-stm32.10.3-2021.10.win32_1.0.0.202111181127/tools/bin/../lib/gcc/arm-none-eabi/10.3.1/../../../../arm-none-eabi/lib/thumb/v7e-m+fp/hard\libc_nano.a(lib_a-realloc.o)
                              ./Core/Src/str.o (realloc)
[...]
Memory Configuration

Name             Origin             Length             Attributes
RAM              0x0000000020000000 0x0000000000006000 xrw
FLASH            0x0000000008000000 0x0000000000020000 xr
*default*        0x0000000000000000 0xffffffffffffffff

Linker script and memory map

LOAD c:/st/stm32cubeide_1.9.0/stm32cubeide/plugins/com.st.stm32cube.ide.mcu.externaltools.gnu-tools-for-stm32.10.3-2021.10.win32_1.0.0.202111181127/tools/bin/../lib/gcc/arm-none-eabi/10.3.1/thumb/v7e-m+fp/hard/crti.o
LOAD c:/st/stm32cubeide_1.9.0/stm32cubeide/plugins/com.st.stm32cube.ide.mcu.externaltools.gnu-tools-for-stm32.10.3-2021.10.win32_1.0.0.202111181127/tools/bin/../lib/gcc/arm-none-eabi/10.3.1/thumb/v7e-m+fp/hard/crtbegin.o
LOAD c:/st/stm32cubeide_1.9.0/stm32cubeide/plugins/com.st.stm32cube.ide.mcu.externaltools.gnu-tools-for-stm32.10.3-2021.10.win32_1.0.0.202111181127/tools/bin/../lib/gcc/arm-none-eabi/10.3.1/../../../../arm-none-eabi/lib/thumb/v7e-m+fp/hard/crt0.o
LOAD ./Core/Src/auto_mode.o
LOAD ./Core/Src/cli.o
LOAD ./Core/Src/main.o
LOAD ./Core/Src/stm32f3xx_hal_msp.o
LOAD ./Core/Src/stm32f3xx_it.o
LOAD ./Core/Src/str.o
LOAD ./Core/Src/syscalls.o
LOAD ./Core/Src/sysmem.o
LOAD ./Core/Src/system_stm32f3xx.o
LOAD ./Core/Src/timer_estimator.o
LOAD ./Core/Src/tlc.o
LOAD ./Core/Startup/startup_stm32f373cbtx.o
LOAD ./Drivers/STM32F3xx_HAL_Driver/Src/stm32f3xx_hal.o
LOAD ./Drivers/STM32F3xx_HAL_Driver/Src/stm32f3xx_hal_can.o
LOAD ./Drivers/STM32F3xx_HAL_Driver/Src/stm32f3xx_hal_cortex.o
LOAD ./Drivers/STM32F3xx_HAL_Driver/Src/stm32f3xx_hal_dma.o
LOAD ./Drivers/STM32F3xx_HAL_Driver/Src/stm32f3xx_hal_exti.o
LOAD ./Drivers/STM32F3xx_HAL_Driver/Src/stm32f3xx_hal_flash.o
LOAD ./Drivers/STM32F3xx_HAL_Driver/Src/stm32f3xx_hal_flash_ex.o
LOAD ./Drivers/STM32F3xx_HAL_Driver/Src/stm32f3xx_hal_gpio.o
LOAD ./Drivers/STM32F3xx_HAL_Driver/Src/stm32f3xx_hal_i2c.o
LOAD ./Drivers/STM32F3xx_HAL_Driver/Src/stm32f3xx_hal_i2c_ex.o
LOAD ./Drivers/STM32F3xx_HAL_Driver/Src/stm32f3xx_hal_pcd.o
LOAD ./Drivers/STM32F3xx_HAL_Driver/Src/stm32f3xx_hal_pcd_ex.o
LOAD ./Drivers/STM32F3xx_HAL_Driver/Src/stm32f3xx_hal_pwr.o
LOAD ./Drivers/STM32F3xx_HAL_Driver/Src/stm32f3xx_hal_pwr_ex.o
LOAD ./Drivers/STM32F3xx_HAL_Driver/Src/stm32f3xx_hal_rcc.o
LOAD ./Drivers/STM32F3xx_HAL_Driver/Src/stm32f3xx_hal_rcc_ex.o
LOAD ./Drivers/STM32F3xx_HAL_Driver/Src/stm32f3xx_hal_tim.o
LOAD ./Drivers/STM32F3xx_HAL_Driver/Src/stm32f3xx_hal_tim_ex.o
LOAD ./Drivers/STM32F3xx_HAL_Driver/Src/stm32f3xx_ll_usb.o
LOAD ./Middlewares/ST/STM32_USB_Device_Library/Class/CDC/Src/usbd_cdc.o
LOAD ./Middlewares/ST/STM32_USB_Device_Library/Core/Src/usbd_core.o
LOAD ./Middlewares/ST/STM32_USB_Device_Library/Core/Src/usbd_ctlreq.o
LOAD ./Middlewares/ST/STM32_USB_Device_Library/Core/Src/usbd_ioreq.o
LOAD ./USB_DEVICE/App/usb_device.o
LOAD ./USB_DEVICE/App/usbd_cdc_if.o
LOAD ./USB_DEVICE/App/usbd_desc.o
LOAD ./USB_DEVICE/Target/usbd_conf.o
START GROUP
LOAD c:/st/stm32cubeide_1.9.0/stm32cubeide/plugins/com.st.stm32cube.ide.mcu.externaltools.gnu-tools-for-stm32.10.3-2021.10.win32_1.0.0.202111181127/tools/bin/../lib/gcc/arm-none-eabi/10.3.1/../../../../arm-none-eabi/lib/thumb/v7e-m+fp/hard\libc_nano.a
LOAD c:/st/stm32cubeide_1.9.0/stm32cubeide/plugins/com.st.stm32cube.ide.mcu.externaltools.gnu-tools-for-stm32.10.3-2021.10.win32_1.0.0.202111181127/tools/bin/../lib/gcc/arm-none-eabi/10.3.1/../../../../arm-none-eabi/lib/thumb/v7e-m+fp/hard\libm.a
END GROUP
START GROUP
LOAD c:/st/stm32cubeide_1.9.0/stm32cubeide/plugins/com.st.stm32cube.ide.mcu.externaltools.gnu-tools-for-stm32.10.3-2021.10.win32_1.0.0.202111181127/tools/bin/../lib/gcc/arm-none-eabi/10.3.1/thumb/v7e-m+fp/hard\libgcc.a
LOAD c:/st/stm32cubeide_1.9.0/stm32cubeide/plugins/com.st.stm32cube.ide.mcu.externaltools.gnu-tools-for-stm32.10.3-2021.10.win32_1.0.0.202111181127/tools/bin/../lib/gcc/arm-none-eabi/10.3.1/../../../../arm-none-eabi/lib/thumb/v7e-m+fp/hard\libc_nano.a
END GROUP
START GROUP
LOAD c:/st/stm32cubeide_1.9.0/stm32cubeide/plugins/com.st.stm32cube.ide.mcu.externaltools.gnu-tools-for-stm32.10.3-2021.10.win32_1.0.0.202111181127/tools/bin/../lib/gcc/arm-none-eabi/10.3.1/thumb/v7e-m+fp/hard\libgcc.a
LOAD c:/st/stm32cubeide_1.9.0/stm32cubeide/plugins/com.st.stm32cube.ide.mcu.externaltools.gnu-tools-for-stm32.10.3-2021.10.win32_1.0.0.202111181127/tools/bin/../lib/gcc/arm-none-eabi/10.3.1/../../../../arm-none-eabi/lib/thumb/v7e-m+fp/hard\libc_nano.a
LOAD c:/st/stm32cubeide_1.9.0/stm32cubeide/plugins/com.st.stm32cube.ide.mcu.externaltools.gnu-tools-for-stm32.10.3-2021.10.win32_1.0.0.202111181127/tools/bin/../lib/gcc/arm-none-eabi/10.3.1/../../../../arm-none-eabi/lib/thumb/v7e-m+fp/hard\libnosys.a
END GROUP
START GROUP
LOAD c:/st/stm32cubeide_1.9.0/stm32cubeide/plugins/com.st.stm32cube.ide.mcu.externaltools.gnu-tools-for-stm32.10.3-2021.10.win32_1.0.0.202111181127/tools/bin/../lib/gcc/arm-none-eabi/10.3.1/thumb/v7e-m+fp/hard\libgcc.a
LOAD c:/st/stm32cubeide_1.9.0/stm32cubeide/plugins/com.st.stm32cube.ide.mcu.externaltools.gnu-tools-for-stm32.10.3-2021.10.win32_1.0.0.202111181127/tools/bin/../lib/gcc/arm-none-eabi/10.3.1/../../../../arm-none-eabi/lib/thumb/v7e-m+fp/hard\libc_nano.a
LOAD c:/st/stm32cubeide_1.9.0/stm32cubeide/plugins/com.st.stm32cube.ide.mcu.externaltools.gnu-tools-for-stm32.10.3-2021.10.win32_1.0.0.202111181127/tools/bin/../lib/gcc/arm-none-eabi/10.3.1/../../../../arm-none-eabi/lib/thumb/v7e-m+fp/hard\libnosys.a
END GROUP
LOAD c:/st/stm32cubeide_1.9.0/stm32cubeide/plugins/com.st.stm32cube.ide.mcu.externaltools.gnu-tools-for-stm32.10.3-2021.10.win32_1.0.0.202111181127/tools/bin/../lib/gcc/arm-none-eabi/10.3.1/thumb/v7e-m+fp/hard/crtend.o
LOAD c:/st/stm32cubeide_1.9.0/stm32cubeide/plugins/com.st.stm32cube.ide.mcu.externaltools.gnu-tools-for-stm32.10.3-2021.10.win32_1.0.0.202111181127/tools/bin/../lib/gcc/arm-none-eabi/10.3.1/thumb/v7e-m+fp/hard/crtn.o
                0x0000000020006000                _estack = (ORIGIN (RAM) + LENGTH (RAM))
                0x0000000000001000                _Min_Heap_Size = 0x1000
                0x0000000000000400                _Min_Stack_Size = 0x400

.isr_vector     0x0000000008000000      0x188
                0x0000000008000000                . = ALIGN (0x4)
 *(.isr_vector)
 .isr_vector    0x0000000008000000      0x188 ./Core/Startup/startup_stm32f373cbtx.o
                0x0000000008000000                g_pfnVectors
                0x0000000008000188                . = ALIGN (0x4)

.text           0x0000000008000190    0x10eb0
                0x0000000008000190                . = ALIGN (0x4)
 *(.text)
 .text          0x0000000008000190       0x40 c:/st/stm32cubeide_1.9.0/stm32cubeide/plugins/com.st.stm32cube.ide.mcu.externaltools.gnu-tools-for-stm32.10.3-2021.10.win32_1.0.0.202111181127/tools/bin/../lib/gcc/arm-none-eabi/10.3.1/thumb/v7e-m+fp/hard/crtbegin.o
 .text          0x00000000080001d0       0x10 c:/st/stm32cubeide_1.9.0/stm32cubeide/plugins/com.st.stm32cube.ide.mcu.externaltools.gnu-tools-for-stm32.10.3-2021.10.win32_1.0.0.202111181127/tools/bin/../lib/gcc/arm-none-eabi/10.3.1/../../../../arm-none-eabi/lib/thumb/v7e-m+fp/hard\libc_nano.a(lib_a-strlen.o)
                0x00000000080001d0                strlen
 .text          0x00000000080001e0       0xa0 c:/st/stm32cubeide_1.9.0/stm32cubeide/plugins/com.st.stm32cube.ide.mcu.externaltools.gnu-tools-for-stm32.10.3-2021.10.win32_1.0.0.202111181127/tools/bin/../lib/gcc/arm-none-eabi/10.3.1/../../../../arm-none-eabi/lib/thumb/v7e-m+fp/hard\libc_nano.a(lib_a-memchr.o)
                0x00000000080001e0                memchr
 .text          0x0000000008000280      0x378 c:/st/stm32cubeide_1.9.0/stm32cubeide/plugins/com.st.stm32cube.ide.mcu.externaltools.gnu-tools-for-stm32.10.3-2021.10.win32_1.0.0.202111181127/tools/bin/../lib/gcc/arm-none-eabi/10.3.1/thumb/v7e-m+fp/hard\libgcc.a(_arm_addsubdf3.o)
                0x0000000008000280                __aeabi_drsub
                0x0000000008000288                __aeabi_dsub
                0x0000000008000288                __subdf3
                0x000000000800028c                __aeabi_dadd
                0x000000000800028c                __adddf3
                0x0000000008000504                __floatunsidf
                0x0000000008000504                __aeabi_ui2d
                0x0000000008000524                __floatsidf
                0x0000000008000524                __aeabi_i2d
                0x0000000008000548                __aeabi_f2d
                0x0000000008000548                __extendsfdf2
                0x000000000800058c                __floatundidf
                0x000000000800058c                __aeabi_ul2d
                0x000000000800059c                __floatdidf
                0x000000000800059c                __aeabi_l2d
 .text          0x00000000080005f8      0x424 c:/st/stm32cubeide_1.9.0/stm32cubeide/plugins/com.st.stm32cube.ide.mcu.externaltools.gnu-tools-for-stm32.10.3-2021.10.win32_1.0.0.202111181127/tools/bin/../lib/gcc/arm-none-eabi/10.3.1/thumb/v7e-m+fp/hard\libgcc.a(_arm_muldivdf3.o)
                0x00000000080005f8                __aeabi_dmul
                0x00000000080005f8                __muldf3
                0x000000000800084c                __divdf3
                0x000000000800084c                __aeabi_ddiv
 .text          0x0000000008000a1c      0x110 c:/st/stm32cubeide_1.9.0/stm32cubeide/plugins/com.st.stm32cube.ide.mcu.externaltools.gnu-tools-for-stm32.10.3-2021.10.win32_1.0.0.202111181127/tools/bin/../lib/gcc/arm-none-eabi/10.3.1/thumb/v7e-m+fp/hard\libgcc.a(_arm_cmpdf2.o)
                0x0000000008000a1c                __gtdf2
                0x0000000008000a1c                __gedf2
                0x0000000008000a24                __ltdf2
                0x0000000008000a24                __ledf2
                0x0000000008000a2c                __nedf2
                0x0000000008000a2c                __eqdf2
                0x0000000008000a2c                __cmpdf2
                0x0000000008000aa8                __aeabi_cdrcmple
                0x0000000008000ab8                __aeabi_cdcmpeq
                0x0000000008000ab8                __aeabi_cdcmple
                0x0000000008000ac8                __aeabi_dcmpeq
                0x0000000008000adc                __aeabi_dcmplt
                0x0000000008000af0                __aeabi_dcmple
                0x0000000008000b04                __aeabi_dcmpge
                0x0000000008000b18                __aeabi_dcmpgt
 .text          0x0000000008000b2c       0x2c c:/st/stm32cubeide_1.9.0/stm32cubeide/plugins/com.st.stm32cube.ide.mcu.externaltools.gnu-tools-for-stm32.10.3-2021.10.win32_1.0.0.202111181127/tools/bin/../lib/gcc/arm-none-eabi/10.3.1/thumb/v7e-m+fp/hard\libgcc.a(_arm_unorddf2.o)
                0x0000000008000b2c                __unorddf2
                0x0000000008000b2c                __aeabi_dcmpun
 .text          0x0000000008000b58       0x50 c:/st/stm32cubeide_1.9.0/stm32cubeide/plugins/com.st.stm32cube.ide.mcu.externaltools.gnu-tools-for-stm32.10.3-2021.10.win32_1.0.0.202111181127/tools/bin/../lib/gcc/arm-none-eabi/10.3.1/thumb/v7e-m+fp/hard\libgcc.a(_arm_fixdfsi.o)
                0x0000000008000b58                __aeabi_d2iz
                0x0000000008000b58                __fixdfsi
 .text          0x0000000008000ba8       0x40 c:/st/stm32cubeide_1.9.0/stm32cubeide/plugins/com.st.stm32cube.ide.mcu.externaltools.gnu-tools-for-stm32.10.3-2021.10.win32_1.0.0.202111181127/tools/bin/../lib/gcc/arm-none-eabi/10.3.1/thumb/v7e-m+fp/hard\libgcc.a(_arm_fixunsdfsi.o)
                0x0000000008000ba8                __aeabi_d2uiz
                0x0000000008000ba8                __fixunsdfsi
 .text          0x0000000008000be8       0xa0 c:/st/stm32cubeide_1.9.0/stm32cubeide/plugins/com.st.stm32cube.ide.mcu.externaltools.gnu-tools-for-stm32.10.3-2021.10.win32_1.0.0.202111181127/tools/bin/../lib/gcc/arm-none-eabi/10.3.1/thumb/v7e-m+fp/hard\libgcc.a(_arm_truncdfsf2.o)
                0x0000000008000be8                __truncdfsf2
                0x0000000008000be8                __aeabi_d2f
 .text          0x0000000008000c88       0x30 c:/st/stm32cubeide_1.9.0/stm32cubeide/plugins/com.st.stm32cube.ide.mcu.externaltools.gnu-tools-for-stm32.10.3-2021.10.win32_1.0.0.202111181127/tools/bin/../lib/gcc/arm-none-eabi/10.3.1/thumb/v7e-m+fp/hard\libgcc.a(_fixdfdi.o)
                0x0000000008000c88                __fixdfdi
                0x0000000008000c88                __aeabi_d2lz
 .text          0x0000000008000cb8       0x3c c:/st/stm32cubeide_1.9.0/stm32cubeide/plugins/com.st.stm32cube.ide.mcu.externaltools.gnu-tools-for-stm32.10.3-2021.10.win32_1.0.0.202111181127/tools/bin/../lib/gcc/arm-none-eabi/10.3.1/thumb/v7e-m+fp/hard\libgcc.a(_fixunsdfdi.o)
                0x0000000008000cb8                __fixunsdfdi
                0x0000000008000cb8                __aeabi_d2ulz
 *(.text*)
 .text.auto_mode_activate
                0x0000000008000cf4       0x5c ./Core/Src/auto_mode.o
                0x0000000008000cf4                auto_mode_activate
 .text.auto_mode_deactivate
                0x0000000008000d50       0x22 ./Core/Src/auto_mode.o
                0x0000000008000d50                auto_mode_deactivate
 *fill*         0x0000000008000d72        0x2 
 .text.auto_mode_process
                0x0000000008000d74      0x280 ./Core/Src/auto_mode.o
                0x0000000008000d74                auto_mode_process
 .text.__NVIC_SystemReset
                0x0000000008000ff4       0x2c ./Core/Src/cli.o
 .text.cli_init
                0x0000000008001020       0x62 ./Core/Src/cli.o
                0x0000000008001020                cli_init
 *fill*         0x0000000008001082        0x2 
 .text.cli_feed
                0x0000000008001084      0x120 ./Core/Src/cli.o
                0x0000000008001084                cli_feed
 .text.cli_parse
                0x00000000080011a4       0x9c ./Core/Src/cli.o
                0x00000000080011a4                cli_parse
 .text.cli_parse_help
                0x0000000008001240       0x54 ./Core/Src/cli.o
                0x0000000008001240                cli_parse_help
 .text.cli_info
                0x0000000008001294      0x300 ./Core/Src/cli.o
                0x0000000008001294                cli_info
 .text.cli_process
                0x0000000008001594       0x84 ./Core/Src/cli.o
                0x0000000008001594                cli_process
 .text.cli_parse_info
                0x0000000008001618      0x24c ./Core/Src/cli.o
                0x0000000008001618                cli_parse_info
 .text.cli_config
                0x0000000008001864      0x5a4 ./Core/Src/cli.o
                0x0000000008001864                cli_config
 .text.cli_parse_config
                0x0000000008001e08      0x258 ./Core/Src/cli.o
                0x0000000008001e08                cli_parse_config
 .text.cli_mode
                0x0000000008002060      0x4d0 ./Core/Src/cli.o
                0x0000000008002060                cli_mode
 .text.cli_parse_mode
                0x0000000008002530      0x1b4 ./Core/Src/cli.o
                0x0000000008002530                cli_parse_mode
 .text.cli_raw_send
                0x00000000080026e4       0x2e ./Core/Src/cli.o
                0x00000000080026e4                cli_raw_send
 *fill*         0x0000000008002712        0x2 
 .text.cli_ready
                0x0000000008002714       0x14 ./Core/Src/cli.o
                0x0000000008002714                cli_ready
 .text.main_exchange
                0x0000000008002728       0x60 ./Core/Src/main.o
                0x0000000008002728                main_exchange
 .text.main     0x0000000008002788      0x11c ./Core/Src/main.o
                0x0000000008002788                main
 .text.SystemClock_Config
                0x00000000080028a4       0xb6 ./Core/Src/main.o
                0x00000000080028a4                SystemClock_Config
 *fill*         0x000000000800295a        0x2 
 .text.MX_CAN_Init
                0x000000000800295c       0x68 ./Core/Src/main.o
 .text.MX_TIM2_Init
                0x00000000080029c4       0x98 ./Core/Src/main.o
 .text.MX_GPIO_Init
                0x0000000008002a5c      0x108 ./Core/Src/main.o
 .text.Error_Handler
                0x0000000008002b64        0xa ./Core/Src/main.o
                0x0000000008002b64                Error_Handler
 *fill*         0x0000000008002b6e        0x2 
 .text.HAL_MspInit
                0x0000000008002b70       0x48 ./Core/Src/stm32f3xx_hal_msp.o
                0x0000000008002b70                HAL_MspInit
 .text.HAL_CAN_MspInit
                0x0000000008002bb8       0x88 ./Core/Src/stm32f3xx_hal_msp.o
                0x0000000008002bb8                HAL_CAN_MspInit
 .text.HAL_TIM_Base_MspInit
                0x0000000008002c40       0x48 ./Core/Src/stm32f3xx_hal_msp.o
                0x0000000008002c40                HAL_TIM_Base_MspInit
 .text.it_mode_rider
                0x0000000008002c88       0x5c ./Core/Src/stm32f3xx_it.o
                0x0000000008002c88                it_mode_rider
 .text.it_mode_pwm
                0x0000000008002ce4       0x68 ./Core/Src/stm32f3xx_it.o
                0x0000000008002ce4                it_mode_pwm
 .text.it_mode_display
                0x0000000008002d4c       0x78 ./Core/Src/stm32f3xx_it.o
                0x0000000008002d4c                it_mode_display
 .text.it_mode_none
                0x0000000008002dc4        0xe ./Core/Src/stm32f3xx_it.o
                0x0000000008002dc4                it_mode_none
 *fill*         0x0000000008002dd2        0x2 
 .text.it_mode_clear
                0x0000000008002dd4       0x84 ./Core/Src/stm32f3xx_it.o
                0x0000000008002dd4                it_mode_clear
 .text.NMI_Handler
                0x0000000008002e58        0x6 ./Core/Src/stm32f3xx_it.o
                0x0000000008002e58                NMI_Handler
 .text.HardFault_Handler
                0x0000000008002e5e        0x6 ./Core/Src/stm32f3xx_it.o
                0x0000000008002e5e                HardFault_Handler
 .text.MemManage_Handler
                0x0000000008002e64        0x6 ./Core/Src/stm32f3xx_it.o
                0x0000000008002e64                MemManage_Handler
 .text.BusFault_Handler
                0x0000000008002e6a        0x6 ./Core/Src/stm32f3xx_it.o
                0x0000000008002e6a                BusFault_Handler
 .text.UsageFault_Handler
                0x0000000008002e70        0x6 ./Core/Src/stm32f3xx_it.o
                0x0000000008002e70                UsageFault_Handler
 .text.SVC_Handler
                0x0000000008002e76        0xe ./Core/Src/stm32f3xx_it.o
                0x0000000008002e76                SVC_Handler
 .text.DebugMon_Handler
                0x0000000008002e84        0xe ./Core/Src/stm32f3xx_it.o
                0x0000000008002e84                DebugMon_Handler
 .text.PendSV_Handler
                0x0000000008002e92        0xe ./Core/Src/stm32f3xx_it.o
                0x0000000008002e92                PendSV_Handler
 .text.SysTick_Handler
                0x0000000008002ea0        0xc ./Core/Src/stm32f3xx_it.o
                0x0000000008002ea0                SysTick_Handler
 .text.EXTI4_IRQHandler
                0x0000000008002eac       0x4c ./Core/Src/stm32f3xx_it.o
                0x0000000008002eac                EXTI4_IRQHandler
 .text.TIM2_IRQHandler
                0x0000000008002ef8       0x28 ./Core/Src/stm32f3xx_it.o
                0x0000000008002ef8                TIM2_IRQHandler
 .text.USB_HP_IRQHandler
                0x0000000008002f20       0x14 ./Core/Src/stm32f3xx_it.o
                0x0000000008002f20                USB_HP_IRQHandler
 .text.USB_LP_IRQHandler
                0x0000000008002f34       0x14 ./Core/Src/stm32f3xx_it.o
                0x0000000008002f34                USB_LP_IRQHandler
 .text.str_reserve
                0x0000000008002f48       0x3a ./Core/Src/str.o
                0x0000000008002f48                str_reserve
 .text.str_cstr
                0x0000000008002f82       0x54 ./Core/Src/str.o
                0x0000000008002f82                str_cstr
 .text.str_length
                0x0000000008002fd6       0x3c ./Core/Src/str.o
                0x0000000008002fd6                str_length
 .text.str_at   0x0000000008003012       0x48 ./Core/Src/str.o
                0x0000000008003012                str_at
 .text.str_clear
                0x000000000800305a       0x28 ./Core/Src/str.o
                0x000000000800305a                str_clear
 .text.str_iter_begin
                0x0000000008003082       0x2c ./Core/Src/str.o
                0x0000000008003082                str_iter_begin
 .text.str_cmp_cstr_start
                0x00000000080030ae       0x5c ./Core/Src/str.o
                0x00000000080030ae                str_cmp_cstr_start
 .text.str_cmp_start
                0x000000000800310a       0xb0 ./Core/Src/str.o
                0x000000000800310a                str_cmp_start
 .text.str_app_c
                0x00000000080031ba       0x4e ./Core/Src/str.o
                0x00000000080031ba                str_app_c
 .text.str_find_nws
                0x0000000008003208       0x56 ./Core/Src/str.o
                0x0000000008003208                str_find_nws
 .text.str_find_ws
                0x000000000800325e       0x56 ./Core/Src/str.o
                0x000000000800325e                str_find_ws
 .text.str_rfind_c
                0x00000000080032b4       0x58 ./Core/Src/str.o
                0x00000000080032b4                str_rfind_c
 .text._getpid  0x000000000800330c       0x10 ./Core/Src/syscalls.o
                0x000000000800330c                _getpid
 .text._kill    0x000000000800331c       0x20 ./Core/Src/syscalls.o
                0x000000000800331c                _kill
 .text._exit    0x000000000800333c       0x14 ./Core/Src/syscalls.o
                0x000000000800333c                _exit
 .text._read    0x0000000008003350       0x3a ./Core/Src/syscalls.o
                0x0000000008003350                _read
 .text._write   0x000000000800338a       0x38 ./Core/Src/syscalls.o
                0x000000000800338a                _write
 .text._close   0x00000000080033c2       0x18 ./Core/Src/syscalls.o
                0x00000000080033c2                _close
 .text._fstat   0x00000000080033da       0x20 ./Core/Src/syscalls.o
                0x00000000080033da                _fstat
 .text._isatty  0x00000000080033fa       0x16 ./Core/Src/syscalls.o
                0x00000000080033fa                _isatty
 .text._lseek   0x0000000008003410       0x1a ./Core/Src/syscalls.o
                0x0000000008003410                _lseek
 *fill*         0x000000000800342a        0x2 
 .text._sbrk    0x000000000800342c       0x6c ./Core/Src/sysmem.o
                0x000000000800342c                _sbrk
 .text.SystemInit
                0x0000000008003498       0x24 ./Core/Src/system_stm32f3xx.o
                0x0000000008003498                SystemInit
 .text.timer_estimate_freq_toggle
                0x00000000080034bc       0x5e ./Core/Src/timer_estimator.o
                0x00000000080034bc                timer_estimate_freq_toggle
 *fill*         0x000000000800351a        0x2 
 .text.timer_estimate
                0x000000000800351c      0x1e8 ./Core/Src/timer_estimator.o
                0x000000000800351c                timer_estimate
 .text.tlc_init
                0x0000000008003704       0x6c ./Core/Src/tlc.o
                0x0000000008003704                tlc_init
 .text.tlc_pause
                0x0000000008003770       0x46 ./Core/Src/tlc.o
                0x0000000008003770                tlc_pause
 .text.tlc_run  0x00000000080037b6       0x5a ./Core/Src/tlc.o
                0x00000000080037b6                tlc_run
 .text.tlc_set_arr
                0x0000000008003810       0x32 ./Core/Src/tlc.o
                0x0000000008003810                tlc_set_arr
 .text.tlc_set_psc
                0x0000000008003842       0x32 ./Core/Src/tlc.o
                0x0000000008003842                tlc_set_psc
 .text.tlc_recalculate_fps
                0x0000000008003874       0x64 ./Core/Src/tlc.o
                0x0000000008003874                tlc_recalculate_fps
 .text.tlc_set_fps
                0x00000000080038d8       0x6c ./Core/Src/tlc.o
                0x00000000080038d8                tlc_set_fps
 .text.tlc_apply_arr_psc
                0x0000000008003944       0x38 ./Core/Src/tlc.o
                0x0000000008003944                tlc_apply_arr_psc
 .text.tlc_mode_exit
                0x000000000800397c       0x6a ./Core/Src/tlc.o
                0x000000000800397c                tlc_mode_exit
 .text.tlc_apply_changes
                0x00000000080039e6       0x66 ./Core/Src/tlc.o
                0x00000000080039e6                tlc_apply_changes
 .text.tlc_mode_enter
                0x0000000008003a4c      0x114 ./Core/Src/tlc.o
                0x0000000008003a4c                tlc_mode_enter
 .text.tlc_mode
                0x0000000008003b60       0x92 ./Core/Src/tlc.o
                0x0000000008003b60                tlc_mode
 *fill*         0x0000000008003bf2        0x2 
 .text.Reset_Handler
                0x0000000008003bf4       0x50 ./Core/Startup/startup_stm32f373cbtx.o
                0x0000000008003bf4                Reset_Handler
 .text.Default_Handler
                0x0000000008003c44        0x2 ./Core/Startup/startup_stm32f373cbtx.o
                0x0000000008003c44                RTC_Alarm_IRQHandler
                0x0000000008003c44                PVD_IRQHandler
                0x0000000008003c44                TAMP_STAMP_IRQHandler
                0x0000000008003c44                EXTI3_IRQHandler
                0x0000000008003c44                EXTI0_IRQHandler
                0x0000000008003c44                I2C2_EV_IRQHandler
                0x0000000008003c44                FPU_IRQHandler
                0x0000000008003c44                CAN_TX_IRQHandler
                0x0000000008003c44                SPI1_IRQHandler
                0x0000000008003c44                CAN_SCE_IRQHandler
                0x0000000008003c44                DMA2_Channel2_IRQHandler
                0x0000000008003c44                DMA1_Channel4_IRQHandler
                0x0000000008003c44                ADC1_IRQHandler
                0x0000000008003c44                TIM17_IRQHandler
                0x0000000008003c44                USART3_IRQHandler
                0x0000000008003c44                DMA1_Channel7_IRQHandler
                0x0000000008003c44                TIM4_IRQHandler
                0x0000000008003c44                CAN_RX1_IRQHandler
                0x0000000008003c44                DMA2_Channel1_IRQHandler
                0x0000000008003c44                I2C1_EV_IRQHandler
                0x0000000008003c44                DMA1_Channel6_IRQHandler
                0x0000000008003c44                TIM16_IRQHandler
                0x0000000008003c44                DMA2_Channel4_IRQHandler
                0x0000000008003c44                TIM3_IRQHandler
                0x0000000008003c44                RCC_IRQHandler
                0x0000000008003c44                DMA1_Channel1_IRQHandler
                0x0000000008003c44                Default_Handler
                0x0000000008003c44                CEC_IRQHandler
                0x0000000008003c44                EXTI15_10_IRQHandler
                0x0000000008003c44                TIM14_IRQHandler
                0x0000000008003c44                TIM13_IRQHandler
                0x0000000008003c44                TIM12_IRQHandler
                0x0000000008003c44                TIM7_IRQHandler
                0x0000000008003c44                TIM5_IRQHandler
                0x0000000008003c44                SDADC2_IRQHandler
                0x0000000008003c44                TIM15_IRQHandler
                0x0000000008003c44                TIM6_DAC1_IRQHandler
                0x0000000008003c44                EXTI9_5_IRQHandler
                0x0000000008003c44                RTC_WKUP_IRQHandler
                0x0000000008003c44                SPI2_IRQHandler
                0x0000000008003c44                DMA2_Channel5_IRQHandler
                0x0000000008003c44                DMA1_Channel5_IRQHandler
                0x0000000008003c44                TIM18_DAC2_IRQHandler
                0x0000000008003c44                DMA1_Channel3_IRQHandler
                0x0000000008003c44                COMP_IRQHandler
                0x0000000008003c44                WWDG_IRQHandler
                0x0000000008003c44                SDADC1_IRQHandler
                0x0000000008003c44                EXTI1_IRQHandler
                0x0000000008003c44                SDADC3_IRQHandler
                0x0000000008003c44                USART2_IRQHandler
                0x0000000008003c44                TIM19_IRQHandler
                0x0000000008003c44                I2C2_ER_IRQHandler
                0x0000000008003c44                DMA1_Channel2_IRQHandler
                0x0000000008003c44                FLASH_IRQHandler
                0x0000000008003c44                USART1_IRQHandler
                0x0000000008003c44                SPI3_IRQHandler
                0x0000000008003c44                CAN_RX0_IRQHandler
                0x0000000008003c44                I2C1_ER_IRQHandler
                0x0000000008003c44                USBWakeUp_IRQHandler
                0x0000000008003c44                DMA2_Channel3_IRQHandler
                0x0000000008003c44                EXTI2_TSC_IRQHandler
 *fill*         0x0000000008003c46        0x2 
 .text.HAL_Init
                0x0000000008003c48       0x2c ./Drivers/STM32F3xx_HAL_Driver/Src/stm32f3xx_hal.o
                0x0000000008003c48                HAL_Init
 .text.HAL_InitTick
                0x0000000008003c74       0x60 ./Drivers/STM32F3xx_HAL_Driver/Src/stm32f3xx_hal.o
                0x0000000008003c74                HAL_InitTick
 .text.HAL_IncTick
                0x0000000008003cd4       0x28 ./Drivers/STM32F3xx_HAL_Driver/Src/stm32f3xx_hal.o
                0x0000000008003cd4                HAL_IncTick
 .text.HAL_GetTick
                0x0000000008003cfc       0x18 ./Drivers/STM32F3xx_HAL_Driver/Src/stm32f3xx_hal.o
                0x0000000008003cfc                HAL_GetTick
 .text.HAL_Delay
                0x0000000008003d14       0x48 ./Drivers/STM32F3xx_HAL_Driver/Src/stm32f3xx_hal.o
                0x0000000008003d14                HAL_Delay
 .text.HAL_CAN_Init
                0x0000000008003d5c      0x1f6 ./Drivers/STM32F3xx_HAL_Driver/Src/stm32f3xx_hal_can.o
                0x0000000008003d5c                HAL_CAN_Init
 *fill*         0x0000000008003f52        0x2 
 .text.__NVIC_SetPriorityGrouping
                0x0000000008003f54       0x48 ./Drivers/STM32F3xx_HAL_Driver/Src/stm32f3xx_hal_cortex.o
 .text.__NVIC_GetPriorityGrouping
                0x0000000008003f9c       0x1c ./Drivers/STM32F3xx_HAL_Driver/Src/stm32f3xx_hal_cortex.o
 .text.__NVIC_EnableIRQ
                0x0000000008003fb8       0x3c ./Drivers/STM32F3xx_HAL_Driver/Src/stm32f3xx_hal_cortex.o
 .text.__NVIC_SetPriority
                0x0000000008003ff4       0x54 ./Drivers/STM32F3xx_HAL_Driver/Src/stm32f3xx_hal_cortex.o
 .text.NVIC_EncodePriority
                0x0000000008004048       0x66 ./Drivers/STM32F3xx_HAL_Driver/Src/stm32f3xx_hal_cortex.o
 *fill*         0x00000000080040ae        0x2 
 .text.SysTick_Config
                0x00000000080040b0       0x44 ./Drivers/STM32F3xx_HAL_Driver/Src/stm32f3xx_hal_cortex.o
 .text.HAL_NVIC_SetPriorityGrouping
                0x00000000080040f4       0x16 ./Drivers/STM32F3xx_HAL_Driver/Src/stm32f3xx_hal_cortex.o
                0x00000000080040f4                HAL_NVIC_SetPriorityGrouping
 .text.HAL_NVIC_SetPriority
                0x000000000800410a       0x38 ./Drivers/STM32F3xx_HAL_Driver/Src/stm32f3xx_hal_cortex.o
                0x000000000800410a                HAL_NVIC_SetPriority
 .text.HAL_NVIC_EnableIRQ
                0x0000000008004142       0x1c ./Drivers/STM32F3xx_HAL_Driver/Src/stm32f3xx_hal_cortex.o
                0x0000000008004142                HAL_NVIC_EnableIRQ
 .text.HAL_SYSTICK_Config
                0x000000000800415e       0x18 ./Drivers/STM32F3xx_HAL_Driver/Src/stm32f3xx_hal_cortex.o
                0x000000000800415e                HAL_SYSTICK_Config
 *fill*         0x0000000008004176        0x2 
 .text.HAL_GPIO_Init
                0x0000000008004178      0x2f4 ./Drivers/STM32F3xx_HAL_Driver/Src/stm32f3xx_hal_gpio.o
                0x0000000008004178                HAL_GPIO_Init
 .text.HAL_GPIO_WritePin
                0x000000000800446c       0x30 ./Drivers/STM32F3xx_HAL_Driver/Src/stm32f3xx_hal_gpio.o
                0x000000000800446c                HAL_GPIO_WritePin
 .text.HAL_GPIO_EXTI_IRQHandler
                0x000000000800449c       0x30 ./Drivers/STM32F3xx_HAL_Driver/Src/stm32f3xx_hal_gpio.o
                0x000000000800449c                HAL_GPIO_EXTI_IRQHandler
 .text.HAL_GPIO_EXTI_Callback
                0x00000000080044cc       0x16 ./Drivers/STM32F3xx_HAL_Driver/Src/stm32f3xx_hal_gpio.o
                0x00000000080044cc                HAL_GPIO_EXTI_Callback
 .text.HAL_PCD_Init
                0x00000000080044e2      0x1a4 ./Drivers/STM32F3xx_HAL_Driver/Src/stm32f3xx_hal_pcd.o
                0x00000000080044e2                HAL_PCD_Init
 .text.HAL_PCD_Start
                0x0000000008004686       0x4c ./Drivers/STM32F3xx_HAL_Driver/Src/stm32f3xx_hal_pcd.o
                0x0000000008004686                HAL_PCD_Start
 .text.HAL_PCD_IRQHandler
                0x00000000080046d2      0x1a8 ./Drivers/STM32F3xx_HAL_Driver/Src/stm32f3xx_hal_pcd.o
                0x00000000080046d2                HAL_PCD_IRQHandler
 .text.HAL_PCD_SetAddress
                0x000000000800487a       0x4a ./Drivers/STM32F3xx_HAL_Driver/Src/stm32f3xx_hal_pcd.o
                0x000000000800487a                HAL_PCD_SetAddress
 .text.HAL_PCD_EP_Open
                0x00000000080048c4       0xba ./Drivers/STM32F3xx_HAL_Driver/Src/stm32f3xx_hal_pcd.o
                0x00000000080048c4                HAL_PCD_EP_Open
 .text.HAL_PCD_EP_Close
                0x000000000800497e       0x90 ./Drivers/STM32F3xx_HAL_Driver/Src/stm32f3xx_hal_pcd.o
                0x000000000800497e                HAL_PCD_EP_Close
 .text.HAL_PCD_EP_Receive
                0x0000000008004a0e       0x62 ./Drivers/STM32F3xx_HAL_Driver/Src/stm32f3xx_hal_pcd.o
                0x0000000008004a0e                HAL_PCD_EP_Receive
 .text.HAL_PCD_EP_GetRxCount
                0x0000000008004a70       0x30 ./Drivers/STM32F3xx_HAL_Driver/Src/stm32f3xx_hal_pcd.o
                0x0000000008004a70                HAL_PCD_EP_GetRxCount
 .text.HAL_PCD_EP_Transmit
                0x0000000008004aa0       0x6e ./Drivers/STM32F3xx_HAL_Driver/Src/stm32f3xx_hal_pcd.o
                0x0000000008004aa0                HAL_PCD_EP_Transmit
 .text.HAL_PCD_EP_SetStall
                0x0000000008004b0e       0xa4 ./Drivers/STM32F3xx_HAL_Driver/Src/stm32f3xx_hal_pcd.o
                0x0000000008004b0e                HAL_PCD_EP_SetStall
 .text.HAL_PCD_EP_ClrStall
                0x0000000008004bb2       0xa8 ./Drivers/STM32F3xx_HAL_Driver/Src/stm32f3xx_hal_pcd.o
                0x0000000008004bb2                HAL_PCD_EP_ClrStall
 .text.PCD_EP_ISR_Handler
                0x0000000008004c5a      0x7a6 ./Drivers/STM32F3xx_HAL_Driver/Src/stm32f3xx_hal_pcd.o
 .text.HAL_PCD_EP_DB_Receive
                0x0000000008005400      0x21a ./Drivers/STM32F3xx_HAL_Driver/Src/stm32f3xx_hal_pcd.o
 .text.HAL_PCD_EP_DB_Transmit
                0x000000000800561a      0x7f4 ./Drivers/STM32F3xx_HAL_Driver/Src/stm32f3xx_hal_pcd.o
 .text.HAL_PCDEx_PMAConfig
                0x0000000008005e0e       0x86 ./Drivers/STM32F3xx_HAL_Driver/Src/stm32f3xx_hal_pcd_ex.o
                0x0000000008005e0e                HAL_PCDEx_PMAConfig
 .text.HAL_RCC_OscConfig
                0x0000000008005e94     0x107c ./Drivers/STM32F3xx_HAL_Driver/Src/stm32f3xx_hal_rcc.o
                0x0000000008005e94                HAL_RCC_OscConfig
 .text.HAL_RCC_ClockConfig
                0x0000000008006f10      0x2f8 ./Drivers/STM32F3xx_HAL_Driver/Src/stm32f3xx_hal_rcc.o
                0x0000000008006f10                HAL_RCC_ClockConfig
 .text.HAL_RCC_GetSysClockFreq
                0x0000000008007208       0xd8 ./Drivers/STM32F3xx_HAL_Driver/Src/stm32f3xx_hal_rcc.o
                0x0000000008007208                HAL_RCC_GetSysClockFreq
 .text.HAL_RCCEx_PeriphCLKConfig
                0x00000000080072e0      0x2e8 ./Drivers/STM32F3xx_HAL_Driver/Src/stm32f3xx_hal_rcc_ex.o
                0x00000000080072e0                HAL_RCCEx_PeriphCLKConfig
 .text.HAL_TIM_Base_Init
                0x00000000080075c8       0x9e ./Drivers/STM32F3xx_HAL_Driver/Src/stm32f3xx_hal_tim.o
                0x00000000080075c8                HAL_TIM_Base_Init
 *fill*         0x0000000008007666        0x2 
 .text.HAL_TIM_Base_Start_IT
                0x0000000008007668       0xd0 ./Drivers/STM32F3xx_HAL_Driver/Src/stm32f3xx_hal_tim.o
                0x0000000008007668                HAL_TIM_Base_Start_IT
 .text.HAL_TIM_Base_Stop_IT
                0x0000000008007738       0x5e ./Drivers/STM32F3xx_HAL_Driver/Src/stm32f3xx_hal_tim.o
                0x0000000008007738                HAL_TIM_Base_Stop_IT
 *fill*         0x0000000008007796        0x2 
 .text.HAL_TIM_PWM_Start
                0x0000000008007798      0x194 ./Drivers/STM32F3xx_HAL_Driver/Src/stm32f3xx_hal_tim.o
                0x0000000008007798                HAL_TIM_PWM_Start
 .text.HAL_TIM_PWM_Stop
                0x000000000800792c       0xf0 ./Drivers/STM32F3xx_HAL_Driver/Src/stm32f3xx_hal_tim.o
                0x000000000800792c                HAL_TIM_PWM_Stop
 .text.HAL_TIM_IRQHandler
                0x0000000008007a1c      0x210 ./Drivers/STM32F3xx_HAL_Driver/Src/stm32f3xx_hal_tim.o
                0x0000000008007a1c                HAL_TIM_IRQHandler
 .text.HAL_TIM_ConfigClockSource
                0x0000000008007c2c      0x18e ./Drivers/STM32F3xx_HAL_Driver/Src/stm32f3xx_hal_tim.o
                0x0000000008007c2c                HAL_TIM_ConfigClockSource
 .text.HAL_TIM_PeriodElapsedCallback
                0x0000000008007dba       0x14 ./Drivers/STM32F3xx_HAL_Driver/Src/stm32f3xx_hal_tim.o
                0x0000000008007dba                HAL_TIM_PeriodElapsedCallback
 .text.HAL_TIM_OC_DelayElapsedCallback
                0x0000000008007dce       0x14 ./Drivers/STM32F3xx_HAL_Driver/Src/stm32f3xx_hal_tim.o
                0x0000000008007dce                HAL_TIM_OC_DelayElapsedCallback
 .text.HAL_TIM_IC_CaptureCallback
                0x0000000008007de2       0x14 ./Drivers/STM32F3xx_HAL_Driver/Src/stm32f3xx_hal_tim.o
                0x0000000008007de2                HAL_TIM_IC_CaptureCallback
 .text.HAL_TIM_PWM_PulseFinishedCallback
                0x0000000008007df6       0x14 ./Drivers/STM32F3xx_HAL_Driver/Src/stm32f3xx_hal_tim.o
                0x0000000008007df6                HAL_TIM_PWM_PulseFinishedCallback
 .text.HAL_TIM_TriggerCallback
                0x0000000008007e0a       0x14 ./Drivers/STM32F3xx_HAL_Driver/Src/stm32f3xx_hal_tim.o
                0x0000000008007e0a                HAL_TIM_TriggerCallback
 *fill*         0x0000000008007e1e        0x2 
 .text.TIM_Base_SetConfig
                0x0000000008007e20      0x134 ./Drivers/STM32F3xx_HAL_Driver/Src/stm32f3xx_hal_tim.o
                0x0000000008007e20                TIM_Base_SetConfig
 .text.TIM_TI1_ConfigInputStage
                0x0000000008007f54       0x5e ./Drivers/STM32F3xx_HAL_Driver/Src/stm32f3xx_hal_tim.o
 .text.TIM_TI2_ConfigInputStage
                0x0000000008007fb2       0x60 ./Drivers/STM32F3xx_HAL_Driver/Src/stm32f3xx_hal_tim.o
 .text.TIM_ITRx_SetConfig
                0x0000000008008012       0x36 ./Drivers/STM32F3xx_HAL_Driver/Src/stm32f3xx_hal_tim.o
 .text.TIM_ETR_SetConfig
                0x0000000008008048       0x40 ./Drivers/STM32F3xx_HAL_Driver/Src/stm32f3xx_hal_tim.o
                0x0000000008008048                TIM_ETR_SetConfig
 .text.TIM_CCxChannelCmd
                0x0000000008008088       0x4a ./Drivers/STM32F3xx_HAL_Driver/Src/stm32f3xx_hal_tim.o
                0x0000000008008088                TIM_CCxChannelCmd
 *fill*         0x00000000080080d2        0x2 
 .text.HAL_TIMEx_MasterConfigSynchronization
                0x00000000080080d4       0xe8 ./Drivers/STM32F3xx_HAL_Driver/Src/stm32f3xx_hal_tim_ex.o
                0x00000000080080d4                HAL_TIMEx_MasterConfigSynchronization
 .text.HAL_TIMEx_CommutCallback
                0x00000000080081bc       0x14 ./Drivers/STM32F3xx_HAL_Driver/Src/stm32f3xx_hal_tim_ex.o
                0x00000000080081bc                HAL_TIMEx_CommutCallback
 .text.HAL_TIMEx_BreakCallback
                0x00000000080081d0       0x14 ./Drivers/STM32F3xx_HAL_Driver/Src/stm32f3xx_hal_tim_ex.o
                0x00000000080081d0                HAL_TIMEx_BreakCallback
 .text.USB_EnableGlobalInt
                0x00000000080081e4       0x2e ./Drivers/STM32F3xx_HAL_Driver/Src/stm32f3xx_ll_usb.o
                0x00000000080081e4                USB_EnableGlobalInt
 .text.USB_DisableGlobalInt
                0x0000000008008212       0x36 ./Drivers/STM32F3xx_HAL_Driver/Src/stm32f3xx_ll_usb.o
                0x0000000008008212                USB_DisableGlobalInt
 .text.USB_DevInit
                0x0000000008008248       0x42 ./Drivers/STM32F3xx_HAL_Driver/Src/stm32f3xx_ll_usb.o
                0x0000000008008248                USB_DevInit
 *fill*         0x000000000800828a        0x2 
 .text.USB_ActivateEndpoint
                0x000000000800828c      0x788 ./Drivers/STM32F3xx_HAL_Driver/Src/stm32f3xx_ll_usb.o
                0x000000000800828c                USB_ActivateEndpoint
 .text.USB_DeactivateEndpoint
                0x0000000008008a14      0x3da ./Drivers/STM32F3xx_HAL_Driver/Src/stm32f3xx_ll_usb.o
                0x0000000008008a14                USB_DeactivateEndpoint
 .text.USB_EPStartXfer
                0x0000000008008dee     0x1762 ./Drivers/STM32F3xx_HAL_Driver/Src/stm32f3xx_ll_usb.o
                0x0000000008008dee                USB_EPStartXfer
 .text.USB_EPSetStall
                0x000000000800a550       0xa2 ./Drivers/STM32F3xx_HAL_Driver/Src/stm32f3xx_ll_usb.o
                0x000000000800a550                USB_EPSetStall
 .text.USB_EPClearStall
                0x000000000800a5f2      0x15c ./Drivers/STM32F3xx_HAL_Driver/Src/stm32f3xx_ll_usb.o
                0x000000000800a5f2                USB_EPClearStall
 .text.USB_SetDevAddress
                0x000000000800a74e       0x28 ./Drivers/STM32F3xx_HAL_Driver/Src/stm32f3xx_ll_usb.o
                0x000000000800a74e                USB_SetDevAddress
 .text.USB_DevConnect
                0x000000000800a776       0x16 ./Drivers/STM32F3xx_HAL_Driver/Src/stm32f3xx_ll_usb.o
                0x000000000800a776                USB_DevConnect
 .text.USB_ReadInterrupts
                0x000000000800a78c       0x20 ./Drivers/STM32F3xx_HAL_Driver/Src/stm32f3xx_ll_usb.o
                0x000000000800a78c                USB_ReadInterrupts
 .text.USB_WritePMA
                0x000000000800a7ac       0x8c ./Drivers/STM32F3xx_HAL_Driver/Src/stm32f3xx_ll_usb.o
                0x000000000800a7ac                USB_WritePMA
 .text.USB_ReadPMA
                0x000000000800a838       0xa0 ./Drivers/STM32F3xx_HAL_Driver/Src/stm32f3xx_ll_usb.o
                0x000000000800a838                USB_ReadPMA
 .text.USBD_CDC_Init
                0x000000000800a8d8       0xf4 ./Middlewares/ST/STM32_USB_Device_Library/Class/CDC/Src/usbd_cdc.o
 .text.USBD_CDC_DeInit
                0x000000000800a9cc       0x6e ./Middlewares/ST/STM32_USB_Device_Library/Class/CDC/Src/usbd_cdc.o
 .text.USBD_CDC_Setup
                0x000000000800aa3a      0x146 ./Middlewares/ST/STM32_USB_Device_Library/Class/CDC/Src/usbd_cdc.o
 .text.USBD_CDC_DataIn
                0x000000000800ab80       0xa6 ./Middlewares/ST/STM32_USB_Device_Library/Class/CDC/Src/usbd_cdc.o
 .text.USBD_CDC_DataOut
                0x000000000800ac26       0x56 ./Middlewares/ST/STM32_USB_Device_Library/Class/CDC/Src/usbd_cdc.o
 .text.USBD_CDC_EP0_RxReady
                0x000000000800ac7c       0x50 ./Middlewares/ST/STM32_USB_Device_Library/Class/CDC/Src/usbd_cdc.o
 .text.USBD_CDC_GetFSCfgDesc
                0x000000000800accc       0x20 ./Middlewares/ST/STM32_USB_Device_Library/Class/CDC/Src/usbd_cdc.o
 .text.USBD_CDC_GetHSCfgDesc
                0x000000000800acec       0x20 ./Middlewares/ST/STM32_USB_Device_Library/Class/CDC/Src/usbd_cdc.o
 .text.USBD_CDC_GetOtherSpeedCfgDesc
                0x000000000800ad0c       0x20 ./Middlewares/ST/STM32_USB_Device_Library/Class/CDC/Src/usbd_cdc.o
 .text.USBD_CDC_GetDeviceQualifierDescriptor
                0x000000000800ad2c       0x20 ./Middlewares/ST/STM32_USB_Device_Library/Class/CDC/Src/usbd_cdc.o
                0x000000000800ad2c                USBD_CDC_GetDeviceQualifierDescriptor
 .text.USBD_CDC_RegisterInterface
                0x000000000800ad4c       0x2e ./Middlewares/ST/STM32_USB_Device_Library/Class/CDC/Src/usbd_cdc.o
                0x000000000800ad4c                USBD_CDC_RegisterInterface
 .text.USBD_CDC_SetTxBuffer
                0x000000000800ad7a       0x34 ./Middlewares/ST/STM32_USB_Device_Library/Class/CDC/Src/usbd_cdc.o
                0x000000000800ad7a                USBD_CDC_SetTxBuffer
 .text.USBD_CDC_SetRxBuffer
                0x000000000800adae       0x28 ./Middlewares/ST/STM32_USB_Device_Library/Class/CDC/Src/usbd_cdc.o
                0x000000000800adae                USBD_CDC_SetRxBuffer
 .text.USBD_CDC_TransmitPacket
                0x000000000800add6       0x5e ./Middlewares/ST/STM32_USB_Device_Library/Class/CDC/Src/usbd_cdc.o
                0x000000000800add6                USBD_CDC_TransmitPacket
 .text.USBD_CDC_ReceivePacket
                0x000000000800ae34       0x54 ./Middlewares/ST/STM32_USB_Device_Library/Class/CDC/Src/usbd_cdc.o
                0x000000000800ae34                USBD_CDC_ReceivePacket
 .text.USBD_Init
                0x000000000800ae88       0x56 ./Middlewares/ST/STM32_USB_Device_Library/Core/Src/usbd_core.o
                0x000000000800ae88                USBD_Init
 .text.USBD_RegisterClass
                0x000000000800aede       0x34 ./Middlewares/ST/STM32_USB_Device_Library/Core/Src/usbd_core.o
                0x000000000800aede                USBD_RegisterClass
 .text.USBD_Start
                0x000000000800af12       0x18 ./Middlewares/ST/STM32_USB_Device_Library/Core/Src/usbd_core.o
                0x000000000800af12                USBD_Start
 .text.USBD_RunTestMode
                0x000000000800af2a       0x16 ./Middlewares/ST/STM32_USB_Device_Library/Core/Src/usbd_core.o
                0x000000000800af2a                USBD_RunTestMode
 .text.USBD_SetClassConfig
                0x000000000800af40       0x3e ./Middlewares/ST/STM32_USB_Device_Library/Core/Src/usbd_core.o
                0x000000000800af40                USBD_SetClassConfig
 .text.USBD_ClrClassConfig
                0x000000000800af7e       0x26 ./Middlewares/ST/STM32_USB_Device_Library/Core/Src/usbd_core.o
                0x000000000800af7e                USBD_ClrClassConfig
 .text.USBD_LL_SetupStage
                0x000000000800afa4       0x9a ./Middlewares/ST/STM32_USB_Device_Library/Core/Src/usbd_core.o
                0x000000000800afa4                USBD_LL_SetupStage
 .text.USBD_LL_DataOutStage
                0x000000000800b03e       0xe2 ./Middlewares/ST/STM32_USB_Device_Library/Core/Src/usbd_core.o
                0x000000000800b03e                USBD_LL_DataOutStage
 .text.USBD_LL_DataInStage
                0x000000000800b120      0x14a ./Middlewares/ST/STM32_USB_Device_Library/Core/Src/usbd_core.o
                0x000000000800b120                USBD_LL_DataInStage
 .text.USBD_LL_Reset
                0x000000000800b26a       0x82 ./Middlewares/ST/STM32_USB_Device_Library/Core/Src/usbd_core.o
                0x000000000800b26a                USBD_LL_Reset
 .text.USBD_LL_SetSpeed
                0x000000000800b2ec       0x20 ./Middlewares/ST/STM32_USB_Device_Library/Core/Src/usbd_core.o
                0x000000000800b2ec                USBD_LL_SetSpeed
 .text.USBD_LL_Suspend
                0x000000000800b30c       0x2a ./Middlewares/ST/STM32_USB_Device_Library/Core/Src/usbd_core.o
                0x000000000800b30c                USBD_LL_Suspend
 .text.USBD_LL_Resume
                0x000000000800b336       0x2c ./Middlewares/ST/STM32_USB_Device_Library/Core/Src/usbd_core.o
                0x000000000800b336                USBD_LL_Resume
 .text.USBD_LL_SOF
                0x000000000800b362       0x34 ./Middlewares/ST/STM32_USB_Device_Library/Core/Src/usbd_core.o
                0x000000000800b362                USBD_LL_SOF
 *fill*         0x000000000800b396        0x2 
 .text.USBD_StdDevReq
                0x000000000800b398       0xd4 ./Middlewares/ST/STM32_USB_Device_Library/Core/Src/usbd_ctlreq.o
                0x000000000800b398                USBD_StdDevReq
 .text.USBD_StdItfReq
                0x000000000800b46c       0x90 ./Middlewares/ST/STM32_USB_Device_Library/Core/Src/usbd_ctlreq.o
                0x000000000800b46c                USBD_StdItfReq
 .text.USBD_StdEPReq
                0x000000000800b4fc      0x2c6 ./Middlewares/ST/STM32_USB_Device_Library/Core/Src/usbd_ctlreq.o
                0x000000000800b4fc                USBD_StdEPReq
 *fill*         0x000000000800b7c2        0x2 
 .text.USBD_GetDescriptor
                0x000000000800b7c4      0x2d0 ./Middlewares/ST/STM32_USB_Device_Library/Core/Src/usbd_ctlreq.o
 .text.USBD_SetAddress
                0x000000000800ba94       0x86 ./Middlewares/ST/STM32_USB_Device_Library/Core/Src/usbd_ctlreq.o
 *fill*         0x000000000800bb1a        0x2 
 .text.USBD_SetConfig
                0x000000000800bb1c      0x11c ./Middlewares/ST/STM32_USB_Device_Library/Core/Src/usbd_ctlreq.o
 .text.USBD_GetConfig
                0x000000000800bc38       0x6a ./Middlewares/ST/STM32_USB_Device_Library/Core/Src/usbd_ctlreq.o
 .text.USBD_GetStatus
                0x000000000800bca2       0x66 ./Middlewares/ST/STM32_USB_Device_Library/Core/Src/usbd_ctlreq.o
 .text.USBD_SetFeature
                0x000000000800bd08       0x28 ./Middlewares/ST/STM32_USB_Device_Library/Core/Src/usbd_ctlreq.o
 .text.USBD_ClrFeature
                0x000000000800bd30       0x42 ./Middlewares/ST/STM32_USB_Device_Library/Core/Src/usbd_ctlreq.o
 .text.USBD_ParseSetupRequest
                0x000000000800bd72       0x7a ./Middlewares/ST/STM32_USB_Device_Library/Core/Src/usbd_ctlreq.o
                0x000000000800bd72                USBD_ParseSetupRequest
 .text.USBD_CtlError
                0x000000000800bdec       0x22 ./Middlewares/ST/STM32_USB_Device_Library/Core/Src/usbd_ctlreq.o
                0x000000000800bdec                USBD_CtlError
 .text.USBD_GetString
                0x000000000800be0e       0x84 ./Middlewares/ST/STM32_USB_Device_Library/Core/Src/usbd_ctlreq.o
                0x000000000800be0e                USBD_GetString
 .text.USBD_GetLen
                0x000000000800be92       0x30 ./Middlewares/ST/STM32_USB_Device_Library/Core/Src/usbd_ctlreq.o
 .text.USBD_CtlSendData
                0x000000000800bec2       0x38 ./Middlewares/ST/STM32_USB_Device_Library/Core/Src/usbd_ioreq.o
                0x000000000800bec2                USBD_CtlSendData
 .text.USBD_CtlContinueSendData
                0x000000000800befa       0x24 ./Middlewares/ST/STM32_USB_Device_Library/Core/Src/usbd_ioreq.o
                0x000000000800befa                USBD_CtlContinueSendData
 .text.USBD_CtlPrepareRx
                0x000000000800bf1e       0x3c ./Middlewares/ST/STM32_USB_Device_Library/Core/Src/usbd_ioreq.o
                0x000000000800bf1e                USBD_CtlPrepareRx
 .text.USBD_CtlContinueRx
                0x000000000800bf5a       0x24 ./Middlewares/ST/STM32_USB_Device_Library/Core/Src/usbd_ioreq.o
                0x000000000800bf5a                USBD_CtlContinueRx
 .text.USBD_CtlSendStatus
                0x000000000800bf7e       0x26 ./Middlewares/ST/STM32_USB_Device_Library/Core/Src/usbd_ioreq.o
                0x000000000800bf7e                USBD_CtlSendStatus
 .text.USBD_CtlReceiveStatus
                0x000000000800bfa4       0x26 ./Middlewares/ST/STM32_USB_Device_Library/Core/Src/usbd_ioreq.o
                0x000000000800bfa4                USBD_CtlReceiveStatus
 *fill*         0x000000000800bfca        0x2 
 .text.MX_USB_DEVICE_Init
                0x000000000800bfcc       0x60 ./USB_DEVICE/App/usb_device.o
                0x000000000800bfcc                MX_USB_DEVICE_Init
 .text.CDC_Init_FS
                0x000000000800c02c       0x28 ./USB_DEVICE/App/usbd_cdc_if.o
 .text.CDC_DeInit_FS
                0x000000000800c054       0x10 ./USB_DEVICE/App/usbd_cdc_if.o
 .text.CDC_Control_FS
                0x000000000800c064       0xbc ./USB_DEVICE/App/usbd_cdc_if.o
 .text.CDC_Receive_FS
                0x000000000800c120       0x68 ./USB_DEVICE/App/usbd_cdc_if.o
 .text.CDC_Transmit_FS
                0x000000000800c188       0x4c ./USB_DEVICE/App/usbd_cdc_if.o
                0x000000000800c188                CDC_Transmit_FS
 .text.USBD_FS_DeviceDescriptor
                0x000000000800c1d4       0x24 ./USB_DEVICE/App/usbd_desc.o
                0x000000000800c1d4                USBD_FS_DeviceDescriptor
 .text.USBD_FS_LangIDStrDescriptor
                0x000000000800c1f8       0x24 ./USB_DEVICE/App/usbd_desc.o
                0x000000000800c1f8                USBD_FS_LangIDStrDescriptor
 .text.USBD_FS_ProductStrDescriptor
                0x000000000800c21c       0x3c ./USB_DEVICE/App/usbd_desc.o
                0x000000000800c21c                USBD_FS_ProductStrDescriptor
 .text.USBD_FS_ManufacturerStrDescriptor
                0x000000000800c258       0x28 ./USB_DEVICE/App/usbd_desc.o
                0x000000000800c258                USBD_FS_ManufacturerStrDescriptor
 .text.USBD_FS_SerialStrDescriptor
                0x000000000800c280       0x24 ./USB_DEVICE/App/usbd_desc.o
                0x000000000800c280                USBD_FS_SerialStrDescriptor
 .text.USBD_FS_ConfigStrDescriptor
                0x000000000800c2a4       0x3c ./USB_DEVICE/App/usbd_desc.o
                0x000000000800c2a4                USBD_FS_ConfigStrDescriptor
 .text.USBD_FS_InterfaceStrDescriptor
                0x000000000800c2e0       0x3c ./USB_DEVICE/App/usbd_desc.o
                0x000000000800c2e0                USBD_FS_InterfaceStrDescriptor
 .text.Get_SerialNum
                0x000000000800c31c       0x58 ./USB_DEVICE/App/usbd_desc.o
 .text.IntToUnicode
                0x000000000800c374       0x7e ./USB_DEVICE/App/usbd_desc.o
 *fill*         0x000000000800c3f2        0x2 
 .text.HAL_PCD_MspInit
                0x000000000800c3f4       0xcc ./USB_DEVICE/Target/usbd_conf.o
                0x000000000800c3f4                HAL_PCD_MspInit
 .text.HAL_PCD_SetupStageCallback
                0x000000000800c4c0       0x24 ./USB_DEVICE/Target/usbd_conf.o
                0x000000000800c4c0                HAL_PCD_SetupStageCallback
 .text.HAL_PCD_DataOutStageCallback
                0x000000000800c4e4       0x36 ./USB_DEVICE/Target/usbd_conf.o
                0x000000000800c4e4                HAL_PCD_DataOutStageCallback
 .text.HAL_PCD_DataInStageCallback
                0x000000000800c51a       0x34 ./USB_DEVICE/Target/usbd_conf.o
                0x000000000800c51a                HAL_PCD_DataInStageCallback
 .text.HAL_PCD_SOFCallback
                0x000000000800c54e       0x1c ./USB_DEVICE/Target/usbd_conf.o
                0x000000000800c54e                HAL_PCD_SOFCallback
 .text.HAL_PCD_ResetCallback
                0x000000000800c56a       0x3c ./USB_DEVICE/Target/usbd_conf.o
                0x000000000800c56a                HAL_PCD_ResetCallback
 *fill*         0x000000000800c5a6        0x2 
 .text.HAL_PCD_SuspendCallback
                0x000000000800c5a8       0x34 ./USB_DEVICE/Target/usbd_conf.o
                0x000000000800c5a8                HAL_PCD_SuspendCallback
 .text.HAL_PCD_ResumeCallback
                0x000000000800c5dc       0x1c ./USB_DEVICE/Target/usbd_conf.o
                0x000000000800c5dc                HAL_PCD_ResumeCallback
 .text.USBD_LL_Init
                0x000000000800c5f8       0xb4 ./USB_DEVICE/Target/usbd_conf.o
                0x000000000800c5f8                USBD_LL_Init
 .text.USBD_LL_Start
                0x000000000800c6ac       0x36 ./USB_DEVICE/Target/usbd_conf.o
                0x000000000800c6ac                USBD_LL_Start
 .text.USBD_LL_OpenEP
                0x000000000800c6e2       0x4c ./USB_DEVICE/Target/usbd_conf.o
                0x000000000800c6e2                USBD_LL_OpenEP
 .text.USBD_LL_CloseEP
                0x000000000800c72e       0x3e ./USB_DEVICE/Target/usbd_conf.o
                0x000000000800c72e                USBD_LL_CloseEP
 .text.USBD_LL_StallEP
                0x000000000800c76c       0x3e ./USB_DEVICE/Target/usbd_conf.o
                0x000000000800c76c                USBD_LL_StallEP
 .text.USBD_LL_ClearStallEP
                0x000000000800c7aa       0x3e ./USB_DEVICE/Target/usbd_conf.o
                0x000000000800c7aa                USBD_LL_ClearStallEP
 .text.USBD_LL_IsStallEP
                0x000000000800c7e8       0x5a ./USB_DEVICE/Target/usbd_conf.o
                0x000000000800c7e8                USBD_LL_IsStallEP
 .text.USBD_LL_SetUSBAddress
                0x000000000800c842       0x3e ./USB_DEVICE/Target/usbd_conf.o
                0x000000000800c842                USBD_LL_SetUSBAddress
 .text.USBD_LL_Transmit
                0x000000000800c880       0x46 ./USB_DEVICE/Target/usbd_conf.o
                0x000000000800c880                USBD_LL_Transmit
 .text.USBD_LL_PrepareReceive
                0x000000000800c8c6       0x46 ./USB_DEVICE/Target/usbd_conf.o
                0x000000000800c8c6                USBD_LL_PrepareReceive
 .text.USBD_LL_GetRxDataSize
                0x000000000800c90c       0x26 ./USB_DEVICE/Target/usbd_conf.o
                0x000000000800c90c                USBD_LL_GetRxDataSize
 *fill*         0x000000000800c932        0x2 
 .text.USBD_static_malloc
                0x000000000800c934       0x1c ./USB_DEVICE/Target/usbd_conf.o
                0x000000000800c934                USBD_static_malloc
 .text.USBD_static_free
                0x000000000800c950       0x14 ./USB_DEVICE/Target/usbd_conf.o
                0x000000000800c950                USBD_static_free
 .text.HAL_PCDEx_SetConnectionState
                0x000000000800c964       0x18 ./USB_DEVICE/Target/usbd_conf.o
                0x000000000800c964                HAL_PCDEx_SetConnectionState
 .text.USBD_Get_USB_Status
                0x000000000800c97c       0x58 ./USB_DEVICE/Target/usbd_conf.o
 .text.__errno  0x000000000800c9d4        0xc c:/st/stm32cubeide_1.9.0/stm32cubeide/plugins/com.st.stm32cube.ide.mcu.externaltools.gnu-tools-for-stm32.10.3-2021.10.win32_1.0.0.202111181127/tools/bin/../lib/gcc/arm-none-eabi/10.3.1/../../../../arm-none-eabi/lib/thumb/v7e-m+fp/hard\libc_nano.a(lib_a-errno.o)
                0x000000000800c9d4                __errno
 .text.__libc_init_array
                0x000000000800c9e0       0x48 c:/st/stm32cubeide_1.9.0/stm32cubeide/plugins/com.st.stm32cube.ide.mcu.externaltools.gnu-tools-for-stm32.10.3-2021.10.win32_1.0.0.202111181127/tools/bin/../lib/gcc/arm-none-eabi/10.3.1/../../../../arm-none-eabi/lib/thumb/v7e-m+fp/hard\libc_nano.a(lib_a-init.o)
                0x000000000800c9e0                __libc_init_array
 .text.isspace  0x000000000800ca28       0x10 c:/st/stm32cubeide_1.9.0/stm32cubeide/plugins/com.st.stm32cube.ide.mcu.externaltools.gnu-tools-for-stm32.10.3-2021.10.win32_1.0.0.202111181127/tools/bin/../lib/gcc/arm-none-eabi/10.3.1/../../../../arm-none-eabi/lib/thumb/v7e-m+fp/hard\libc_nano.a(lib_a-isspace.o)
                0x000000000800ca28                isspace
 .text.memcpy   0x000000000800ca38       0x1c c:/st/stm32cubeide_1.9.0/stm32cubeide/plugins/com.st.stm32cube.ide.mcu.externaltools.gnu-tools-for-stm32.10.3-2021.10.win32_1.0.0.202111181127/tools/bin/../lib/gcc/arm-none-eabi/10.3.1/../../../../arm-none-eabi/lib/thumb/v7e-m+fp/hard\libc_nano.a(lib_a-memcpy-stub.o)
                0x000000000800ca38                memcpy
 .text.memset   0x000000000800ca54       0x10 c:/st/stm32cubeide_1.9.0/stm32cubeide/plugins/com.st.stm32cube.ide.mcu.externaltools.gnu-tools-for-stm32.10.3-2021.10.win32_1.0.0.202111181127/tools/bin/../lib/gcc/arm-none-eabi/10.3.1/../../../../arm-none-eabi/lib/thumb/v7e-m+fp/hard\libc_nano.a(lib_a-memset.o)
                0x000000000800ca54                memset
 .text.__cvt    0x000000000800ca64       0xc4 c:/st/stm32cubeide_1.9.0/stm32cubeide/plugins/com.st.stm32cube.ide.mcu.externaltools.gnu-tools-for-stm32.10.3-2021.10.win32_1.0.0.202111181127/tools/bin/../lib/gcc/arm-none-eabi/10.3.1/../../../../arm-none-eabi/lib/thumb/v7e-m+fp/hard\libc_nano.a(lib_a-nano-vfprintf_float.o)
                0x000000000800ca64                __cvt
 .text.__exponent
                0x000000000800cb28       0x7c c:/st/stm32cubeide_1.9.0/stm32cubeide/plugins/com.st.stm32cube.ide.mcu.externaltools.gnu-tools-for-stm32.10.3-2021.10.win32_1.0.0.202111181127/tools/bin/../lib/gcc/arm-none-eabi/10.3.1/../../../../arm-none-eabi/lib/thumb/v7e-m+fp/hard\libc_nano.a(lib_a-nano-vfprintf_float.o)
                0x000000000800cb28                __exponent
 .text._printf_float
                0x000000000800cba4      0x46c c:/st/stm32cubeide_1.9.0/stm32cubeide/plugins/com.st.stm32cube.ide.mcu.externaltools.gnu-tools-for-stm32.10.3-2021.10.win32_1.0.0.202111181127/tools/bin/../lib/gcc/arm-none-eabi/10.3.1/../../../../arm-none-eabi/lib/thumb/v7e-m+fp/hard\libc_nano.a(lib_a-nano-vfprintf_float.o)
                0x000000000800cba4                _printf_float
 .text._printf_common
                0x000000000800d010       0xda c:/st/stm32cubeide_1.9.0/stm32cubeide/plugins/com.st.stm32cube.ide.mcu.externaltools.gnu-tools-for-stm32.10.3-2021.10.win32_1.0.0.202111181127/tools/bin/../lib/gcc/arm-none-eabi/10.3.1/../../../../arm-none-eabi/lib/thumb/v7e-m+fp/hard\libc_nano.a(lib_a-nano-vfprintf_i.o)
                0x000000000800d010                _printf_common
 *fill*         0x000000000800d0ea        0x2 
 .text._printf_i
                0x000000000800d0ec      0x24c c:/st/stm32cubeide_1.9.0/stm32cubeide/plugins/com.st.stm32cube.ide.mcu.externaltools.gnu-tools-for-stm32.10.3-2021.10.win32_1.0.0.202111181127/tools/bin/../lib/gcc/arm-none-eabi/10.3.1/../../../../arm-none-eabi/lib/thumb/v7e-m+fp/hard\libc_nano.a(lib_a-nano-vfprintf_i.o)
                0x000000000800d0ec                _printf_i
 .text.realloc  0x000000000800d338       0x10 c:/st/stm32cubeide_1.9.0/stm32cubeide/plugins/com.st.stm32cube.ide.mcu.externaltools.gnu-tools-for-stm32.10.3-2021.10.win32_1.0.0.202111181127/tools/bin/../lib/gcc/arm-none-eabi/10.3.1/../../../../arm-none-eabi/lib/thumb/v7e-m+fp/hard\libc_nano.a(lib_a-realloc.o)
                0x000000000800d338                realloc
 .text.snprintf
                0x000000000800d348       0x68 c:/st/stm32cubeide_1.9.0/stm32cubeide/plugins/com.st.stm32cube.ide.mcu.externaltools.gnu-tools-for-stm32.10.3-2021.10.win32_1.0.0.202111181127/tools/bin/../lib/gcc/arm-none-eabi/10.3.1/../../../../arm-none-eabi/lib/thumb/v7e-m+fp/hard\libc_nano.a(lib_a-snprintf.o)
                0x000000000800d348                sniprintf
                0x000000000800d348                snprintf
 .text.strncmp  0x000000000800d3b0       0x28 c:/st/stm32cubeide_1.9.0/stm32cubeide/plugins/com.st.stm32cube.ide.mcu.externaltools.gnu-tools-for-stm32.10.3-2021.10.win32_1.0.0.202111181127/tools/bin/../lib/gcc/arm-none-eabi/10.3.1/../../../../arm-none-eabi/lib/thumb/v7e-m+fp/hard\libc_nano.a(lib_a-strncmp.o)
                0x000000000800d3b0                strncmp
 .text.sulp     0x000000000800d3d8       0x38 c:/st/stm32cubeide_1.9.0/stm32cubeide/plugins/com.st.stm32cube.ide.mcu.externaltools.gnu-tools-for-stm32.10.3-2021.10.win32_1.0.0.202111181127/tools/bin/../lib/gcc/arm-none-eabi/10.3.1/../../../../arm-none-eabi/lib/thumb/v7e-m+fp/hard\libc_nano.a(lib_a-strtod.o)
 .text._strtod_l
                0x000000000800d410      0xc0c c:/st/stm32cubeide_1.9.0/stm32cubeide/plugins/com.st.stm32cube.ide.mcu.externaltools.gnu-tools-for-stm32.10.3-2021.10.win32_1.0.0.202111181127/tools/bin/../lib/gcc/arm-none-eabi/10.3.1/../../../../arm-none-eabi/lib/thumb/v7e-m+fp/hard\libc_nano.a(lib_a-strtod.o)
                0x000000000800d410                _strtod_l
 .text.strtof   0x000000000800e01c       0xb8 c:/st/stm32cubeide_1.9.0/stm32cubeide/plugins/com.st.stm32cube.ide.mcu.externaltools.gnu-tools-for-stm32.10.3-2021.10.win32_1.0.0.202111181127/tools/bin/../lib/gcc/arm-none-eabi/10.3.1/../../../../arm-none-eabi/lib/thumb/v7e-m+fp/hard\libc_nano.a(lib_a-strtod.o)
                0x000000000800e01c                strtof
 .text._strtoul_l.constprop.0
                0x000000000800e0d4       0xe4 c:/st/stm32cubeide_1.9.0/stm32cubeide/plugins/com.st.stm32cube.ide.mcu.externaltools.gnu-tools-for-stm32.10.3-2021.10.win32_1.0.0.202111181127/tools/bin/../lib/gcc/arm-none-eabi/10.3.1/../../../../arm-none-eabi/lib/thumb/v7e-m+fp/hard\libc_nano.a(lib_a-strtoul.o)
 .text.strtoul  0x000000000800e1b8       0x14 c:/st/stm32cubeide_1.9.0/stm32cubeide/plugins/com.st.stm32cube.ide.mcu.externaltools.gnu-tools-for-stm32.10.3-2021.10.win32_1.0.0.202111181127/tools/bin/../lib/gcc/arm-none-eabi/10.3.1/../../../../arm-none-eabi/lib/thumb/v7e-m+fp/hard\libc_nano.a(lib_a-strtoul.o)
                0x000000000800e1b8                strtoul
 .text.quorem   0x000000000800e1cc      0x116 c:/st/stm32cubeide_1.9.0/stm32cubeide/plugins/com.st.stm32cube.ide.mcu.externaltools.gnu-tools-for-stm32.10.3-2021.10.win32_1.0.0.202111181127/tools/bin/../lib/gcc/arm-none-eabi/10.3.1/../../../../arm-none-eabi/lib/thumb/v7e-m+fp/hard\libc_nano.a(lib_a-dtoa.o)
 *fill*         0x000000000800e2e2        0x6 
 .text._dtoa_r  0x000000000800e2e8      0xbdc c:/st/stm32cubeide_1.9.0/stm32cubeide/plugins/com.st.stm32cube.ide.mcu.externaltools.gnu-tools-for-stm32.10.3-2021.10.win32_1.0.0.202111181127/tools/bin/../lib/gcc/arm-none-eabi/10.3.1/../../../../arm-none-eabi/lib/thumb/v7e-m+fp/hard\libc_nano.a(lib_a-dtoa.o)
                0x000000000800e2e8                _dtoa_r
 .text.rshift   0x000000000800eec4       0xa4 c:/st/stm32cubeide_1.9.0/stm32cubeide/plugins/com.st.stm32cube.ide.mcu.externaltools.gnu-tools-for-stm32.10.3-2021.10.win32_1.0.0.202111181127/tools/bin/../lib/gcc/arm-none-eabi/10.3.1/../../../../arm-none-eabi/lib/thumb/v7e-m+fp/hard\libc_nano.a(lib_a-gdtoa-gethex.o)
 .text.__hexdig_fun
                0x000000000800ef68       0x2a c:/st/stm32cubeide_1.9.0/stm32cubeide/plugins/com.st.stm32cube.ide.mcu.externaltools.gnu-tools-for-stm32.10.3-2021.10.win32_1.0.0.202111181127/tools/bin/../lib/gcc/arm-none-eabi/10.3.1/../../../../arm-none-eabi/lib/thumb/v7e-m+fp/hard\libc_nano.a(lib_a-gdtoa-gethex.o)
                0x000000000800ef68                __hexdig_fun
 *fill*         0x000000000800ef92        0x2 
 .text.__gethex
                0x000000000800ef94      0x48c c:/st/stm32cubeide_1.9.0/stm32cubeide/plugins/com.st.stm32cube.ide.mcu.externaltools.gnu-tools-for-stm32.10.3-2021.10.win32_1.0.0.202111181127/tools/bin/../lib/gcc/arm-none-eabi/10.3.1/../../../../arm-none-eabi/lib/thumb/v7e-m+fp/hard\libc_nano.a(lib_a-gdtoa-gethex.o)
                0x000000000800ef94                __gethex
 .text.L_shift  0x000000000800f420       0x24 c:/st/stm32cubeide_1.9.0/stm32cubeide/plugins/com.st.stm32cube.ide.mcu.externaltools.gnu-tools-for-stm32.10.3-2021.10.win32_1.0.0.202111181127/tools/bin/../lib/gcc/arm-none-eabi/10.3.1/../../../../arm-none-eabi/lib/thumb/v7e-m+fp/hard\libc_nano.a(lib_a-gdtoa-hexnan.o)
 .text.__match  0x000000000800f444       0x28 c:/st/stm32cubeide_1.9.0/stm32cubeide/plugins/com.st.stm32cube.ide.mcu.externaltools.gnu-tools-for-stm32.10.3-2021.10.win32_1.0.0.202111181127/tools/bin/../lib/gcc/arm-none-eabi/10.3.1/../../../../arm-none-eabi/lib/thumb/v7e-m+fp/hard\libc_nano.a(lib_a-gdtoa-hexnan.o)
                0x000000000800f444                __match
 .text.__hexnan
                0x000000000800f46c      0x138 c:/st/stm32cubeide_1.9.0/stm32cubeide/plugins/com.st.stm32cube.ide.mcu.externaltools.gnu-tools-for-stm32.10.3-2021.10.win32_1.0.0.202111181127/tools/bin/../lib/gcc/arm-none-eabi/10.3.1/../../../../arm-none-eabi/lib/thumb/v7e-m+fp/hard\libc_nano.a(lib_a-gdtoa-hexnan.o)
                0x000000000800f46c                __hexnan
 .text._localeconv_r
                0x000000000800f5a4        0x8 c:/st/stm32cubeide_1.9.0/stm32cubeide/plugins/com.st.stm32cube.ide.mcu.externaltools.gnu-tools-for-stm32.10.3-2021.10.win32_1.0.0.202111181127/tools/bin/../lib/gcc/arm-none-eabi/10.3.1/../../../../arm-none-eabi/lib/thumb/v7e-m+fp/hard\libc_nano.a(lib_a-localeconv.o)
                0x000000000800f5a4                _localeconv_r
 .text.malloc   0x000000000800f5ac       0x10 c:/st/stm32cubeide_1.9.0/stm32cubeide/plugins/com.st.stm32cube.ide.mcu.externaltools.gnu-tools-for-stm32.10.3-2021.10.win32_1.0.0.202111181127/tools/bin/../lib/gcc/arm-none-eabi/10.3.1/../../../../arm-none-eabi/lib/thumb/v7e-m+fp/hard\libc_nano.a(lib_a-malloc.o)
                0x000000000800f5ac                malloc
 .text.__ascii_mbtowc
                0x000000000800f5bc       0x24 c:/st/stm32cubeide_1.9.0/stm32cubeide/plugins/com.st.stm32cube.ide.mcu.externaltools.gnu-tools-for-stm32.10.3-2021.10.win32_1.0.0.202111181127/tools/bin/../lib/gcc/arm-none-eabi/10.3.1/../../../../arm-none-eabi/lib/thumb/v7e-m+fp/hard\libc_nano.a(lib_a-mbtowc_r.o)
                0x000000000800f5bc                __ascii_mbtowc
 .text._Balloc  0x000000000800f5e0       0x80 c:/st/stm32cubeide_1.9.0/stm32cubeide/plugins/com.st.stm32cube.ide.mcu.externaltools.gnu-tools-for-stm32.10.3-2021.10.win32_1.0.0.202111181127/tools/bin/../lib/gcc/arm-none-eabi/10.3.1/../../../../arm-none-eabi/lib/thumb/v7e-m+fp/hard\libc_nano.a(lib_a-mprec.o)
                0x000000000800f5e0                _Balloc
 .text._Bfree   0x000000000800f660       0x44 c:/st/stm32cubeide_1.9.0/stm32cubeide/plugins/com.st.stm32cube.ide.mcu.externaltools.gnu-tools-for-stm32.10.3-2021.10.win32_1.0.0.202111181127/tools/bin/../lib/gcc/arm-none-eabi/10.3.1/../../../../arm-none-eabi/lib/thumb/v7e-m+fp/hard\libc_nano.a(lib_a-mprec.o)
                0x000000000800f660                _Bfree
 .text.__multadd
                0x000000000800f6a4       0x8c c:/st/stm32cubeide_1.9.0/stm32cubeide/plugins/com.st.stm32cube.ide.mcu.externaltools.gnu-tools-for-stm32.10.3-2021.10.win32_1.0.0.202111181127/tools/bin/../lib/gcc/arm-none-eabi/10.3.1/../../../../arm-none-eabi/lib/thumb/v7e-m+fp/hard\libc_nano.a(lib_a-mprec.o)
                0x000000000800f6a4                __multadd
 .text.__s2b    0x000000000800f730       0x94 c:/st/stm32cubeide_1.9.0/stm32cubeide/plugins/com.st.stm32cube.ide.mcu.externaltools.gnu-tools-for-stm32.10.3-2021.10.win32_1.0.0.202111181127/tools/bin/../lib/gcc/arm-none-eabi/10.3.1/../../../../arm-none-eabi/lib/thumb/v7e-m+fp/hard\libc_nano.a(lib_a-mprec.o)
                0x000000000800f730                __s2b
 .text.__hi0bits
                0x000000000800f7c4       0x40 c:/st/stm32cubeide_1.9.0/stm32cubeide/plugins/com.st.stm32cube.ide.mcu.externaltools.gnu-tools-for-stm32.10.3-2021.10.win32_1.0.0.202111181127/tools/bin/../lib/gcc/arm-none-eabi/10.3.1/../../../../arm-none-eabi/lib/thumb/v7e-m+fp/hard\libc_nano.a(lib_a-mprec.o)
                0x000000000800f7c4                __hi0bits
 .text.__lo0bits
                0x000000000800f804       0x5e c:/st/stm32cubeide_1.9.0/stm32cubeide/plugins/com.st.stm32cube.ide.mcu.externaltools.gnu-tools-for-stm32.10.3-2021.10.win32_1.0.0.202111181127/tools/bin/../lib/gcc/arm-none-eabi/10.3.1/../../../../arm-none-eabi/lib/thumb/v7e-m+fp/hard\libc_nano.a(lib_a-mprec.o)
                0x000000000800f804                __lo0bits
 *fill*         0x000000000800f862        0x2 
 .text.__i2b    0x000000000800f864       0x2c c:/st/stm32cubeide_1.9.0/stm32cubeide/plugins/com.st.stm32cube.ide.mcu.externaltools.gnu-tools-for-stm32.10.3-2021.10.win32_1.0.0.202111181127/tools/bin/../lib/gcc/arm-none-eabi/10.3.1/../../../../arm-none-eabi/lib/thumb/v7e-m+fp/hard\libc_nano.a(lib_a-mprec.o)
                0x000000000800f864                __i2b
 .text.__multiply
                0x000000000800f890      0x154 c:/st/stm32cubeide_1.9.0/stm32cubeide/plugins/com.st.stm32cube.ide.mcu.externaltools.gnu-tools-for-stm32.10.3-2021.10.win32_1.0.0.202111181127/tools/bin/../lib/gcc/arm-none-eabi/10.3.1/../../../../arm-none-eabi/lib/thumb/v7e-m+fp/hard\libc_nano.a(lib_a-mprec.o)
                0x000000000800f890                __multiply
 .text.__pow5mult
                0x000000000800f9e4       0xb4 c:/st/stm32cubeide_1.9.0/stm32cubeide/plugins/com.st.stm32cube.ide.mcu.externaltools.gnu-tools-for-stm32.10.3-2021.10.win32_1.0.0.202111181127/tools/bin/../lib/gcc/arm-none-eabi/10.3.1/../../../../arm-none-eabi/lib/thumb/v7e-m+fp/hard\libc_nano.a(lib_a-mprec.o)
                0x000000000800f9e4                __pow5mult
 .text.__lshift
                0x000000000800fa98       0xe0 c:/st/stm32cubeide_1.9.0/stm32cubeide/plugins/com.st.stm32cube.ide.mcu.externaltools.gnu-tools-for-stm32.10.3-2021.10.win32_1.0.0.202111181127/tools/bin/../lib/gcc/arm-none-eabi/10.3.1/../../../../arm-none-eabi/lib/thumb/v7e-m+fp/hard\libc_nano.a(lib_a-mprec.o)
                0x000000000800fa98                __lshift
 .text.__mcmp   0x000000000800fb78       0x38 c:/st/stm32cubeide_1.9.0/stm32cubeide/plugins/com.st.stm32cube.ide.mcu.externaltools.gnu-tools-for-stm32.10.3-2021.10.win32_1.0.0.202111181127/tools/bin/../lib/gcc/arm-none-eabi/10.3.1/../../../../arm-none-eabi/lib/thumb/v7e-m+fp/hard\libc_nano.a(lib_a-mprec.o)
                0x000000000800fb78                __mcmp
 .text.__mdiff  0x000000000800fbb0      0x114 c:/st/stm32cubeide_1.9.0/stm32cubeide/plugins/com.st.stm32cube.ide.mcu.externaltools.gnu-tools-for-stm32.10.3-2021.10.win32_1.0.0.202111181127/tools/bin/../lib/gcc/arm-none-eabi/10.3.1/../../../../arm-none-eabi/lib/thumb/v7e-m+fp/hard\libc_nano.a(lib_a-mprec.o)
                0x000000000800fbb0                __mdiff
 .text.__ulp    0x000000000800fcc4       0x58 c:/st/stm32cubeide_1.9.0/stm32cubeide/plugins/com.st.stm32cube.ide.mcu.externaltools.gnu-tools-for-stm32.10.3-2021.10.win32_1.0.0.202111181127/tools/bin/../lib/gcc/arm-none-eabi/10.3.1/../../../../arm-none-eabi/lib/thumb/v7e-m+fp/hard\libc_nano.a(lib_a-mprec.o)
                0x000000000800fcc4                __ulp
 .text.__b2d    0x000000000800fd1c       0xa0 c:/st/stm32cubeide_1.9.0/stm32cubeide/plugins/com.st.stm32cube.ide.mcu.externaltools.gnu-tools-for-stm32.10.3-2021.10.win32_1.0.0.202111181127/tools/bin/../lib/gcc/arm-none-eabi/10.3.1/../../../../arm-none-eabi/lib/thumb/v7e-m+fp/hard\libc_nano.a(lib_a-mprec.o)
                0x000000000800fd1c                __b2d
 .text.__d2b    0x000000000800fdbc       0xb8 c:/st/stm32cubeide_1.9.0/stm32cubeide/plugins/com.st.stm32cube.ide.mcu.externaltools.gnu-tools-for-stm32.10.3-2021.10.win32_1.0.0.202111181127/tools/bin/../lib/gcc/arm-none-eabi/10.3.1/../../../../arm-none-eabi/lib/thumb/v7e-m+fp/hard\libc_nano.a(lib_a-mprec.o)
                0x000000000800fdbc                __d2b
 .text.__ratio  0x000000000800fe74       0x66 c:/st/stm32cubeide_1.9.0/stm32cubeide/plugins/com.st.stm32cube.ide.mcu.externaltools.gnu-tools-for-stm32.10.3-2021.10.win32_1.0.0.202111181127/tools/bin/../lib/gcc/arm-none-eabi/10.3.1/../../../../arm-none-eabi/lib/thumb/v7e-m+fp/hard\libc_nano.a(lib_a-mprec.o)
                0x000000000800fe74                __ratio
 .text.__copybits
                0x000000000800feda       0x46 c:/st/stm32cubeide_1.9.0/stm32cubeide/plugins/com.st.stm32cube.ide.mcu.externaltools.gnu-tools-for-stm32.10.3-2021.10.win32_1.0.0.202111181127/tools/bin/../lib/gcc/arm-none-eabi/10.3.1/../../../../arm-none-eabi/lib/thumb/v7e-m+fp/hard\libc_nano.a(lib_a-mprec.o)
                0x000000000800feda                __copybits
 .text.__any_on
                0x000000000800ff20       0x42 c:/st/stm32cubeide_1.9.0/stm32cubeide/plugins/com.st.stm32cube.ide.mcu.externaltools.gnu-tools-for-stm32.10.3-2021.10.win32_1.0.0.202111181127/tools/bin/../lib/gcc/arm-none-eabi/10.3.1/../../../../arm-none-eabi/lib/thumb/v7e-m+fp/hard\libc_nano.a(lib_a-mprec.o)
                0x000000000800ff20                __any_on
 .text._calloc_r
                0x000000000800ff62       0x2c c:/st/stm32cubeide_1.9.0/stm32cubeide/plugins/com.st.stm32cube.ide.mcu.externaltools.gnu-tools-for-stm32.10.3-2021.10.win32_1.0.0.202111181127/tools/bin/../lib/gcc/arm-none-eabi/10.3.1/../../../../arm-none-eabi/lib/thumb/v7e-m+fp/hard\libc_nano.a(lib_a-nano-callocr.o)
                0x000000000800ff62                _calloc_r
 *fill*         0x000000000800ff8e        0x2 
 .text._free_r  0x000000000800ff90       0x98 c:/st/stm32cubeide_1.9.0/stm32cubeide/plugins/com.st.stm32cube.ide.mcu.externaltools.gnu-tools-for-stm32.10.3-2021.10.win32_1.0.0.202111181127/tools/bin/../lib/gcc/arm-none-eabi/10.3.1/../../../../arm-none-eabi/lib/thumb/v7e-m+fp/hard\libc_nano.a(lib_a-nano-freer.o)
                0x000000000800ff90                _free_r
 .text.sbrk_aligned
                0x0000000008010028       0x40 c:/st/stm32cubeide_1.9.0/stm32cubeide/plugins/com.st.stm32cube.ide.mcu.externaltools.gnu-tools-for-stm32.10.3-2021.10.win32_1.0.0.202111181127/tools/bin/../lib/gcc/arm-none-eabi/10.3.1/../../../../arm-none-eabi/lib/thumb/v7e-m+fp/hard\libc_nano.a(lib_a-nano-mallocr.o)
 .text._malloc_r
                0x0000000008010068       0xe8 c:/st/stm32cubeide_1.9.0/stm32cubeide/plugins/com.st.stm32cube.ide.mcu.externaltools.gnu-tools-for-stm32.10.3-2021.10.win32_1.0.0.202111181127/tools/bin/../lib/gcc/arm-none-eabi/10.3.1/../../../../arm-none-eabi/lib/thumb/v7e-m+fp/hard\libc_nano.a(lib_a-nano-mallocr.o)
                0x0000000008010068                _malloc_r
 .text._realloc_r
                0x0000000008010150       0x5e c:/st/stm32cubeide_1.9.0/stm32cubeide/plugins/com.st.stm32cube.ide.mcu.externaltools.gnu-tools-for-stm32.10.3-2021.10.win32_1.0.0.202111181127/tools/bin/../lib/gcc/arm-none-eabi/10.3.1/../../../../arm-none-eabi/lib/thumb/v7e-m+fp/hard\libc_nano.a(lib_a-nano-reallocr.o)
                0x0000000008010150                _realloc_r
 .text.__ssputs_r
                0x00000000080101ae       0xb6 c:/st/stm32cubeide_1.9.0/stm32cubeide/plugins/com.st.stm32cube.ide.mcu.externaltools.gnu-tools-for-stm32.10.3-2021.10.win32_1.0.0.202111181127/tools/bin/../lib/gcc/arm-none-eabi/10.3.1/../../../../arm-none-eabi/lib/thumb/v7e-m+fp/hard\libc_nano.a(lib_a-nano-svfprintf.o)
                0x00000000080101ae                __ssputs_r
 .text._svfprintf_r
                0x0000000008010264      0x200 c:/st/stm32cubeide_1.9.0/stm32cubeide/plugins/com.st.stm32cube.ide.mcu.externaltools.gnu-tools-for-stm32.10.3-2021.10.win32_1.0.0.202111181127/tools/bin/../lib/gcc/arm-none-eabi/10.3.1/../../../../arm-none-eabi/lib/thumb/v7e-m+fp/hard\libc_nano.a(lib_a-nano-svfprintf.o)
                0x0000000008010264                _svfiprintf_r
                0x0000000008010264                _svfprintf_r
 *fill*         0x0000000008010464        0x4 
 .text.nan      0x0000000008010468       0x10 c:/st/stm32cubeide_1.9.0/stm32cubeide/plugins/com.st.stm32cube.ide.mcu.externaltools.gnu-tools-for-stm32.10.3-2021.10.win32_1.0.0.202111181127/tools/bin/../lib/gcc/arm-none-eabi/10.3.1/../../../../arm-none-eabi/lib/thumb/v7e-m+fp/hard\libc_nano.a(lib_a-s_nan.o)
                0x0000000008010468                nan
 .text._sbrk_r  0x0000000008010478       0x20 c:/st/stm32cubeide_1.9.0/stm32cubeide/plugins/com.st.stm32cube.ide.mcu.externaltools.gnu-tools-for-stm32.10.3-2021.10.win32_1.0.0.202111181127/tools/bin/../lib/gcc/arm-none-eabi/10.3.1/../../../../arm-none-eabi/lib/thumb/v7e-m+fp/hard\libc_nano.a(lib_a-sbrkr.o)
                0x0000000008010478                _sbrk_r
 .text.nanf     0x0000000008010498        0xc c:/st/stm32cubeide_1.9.0/stm32cubeide/plugins/com.st.stm32cube.ide.mcu.externaltools.gnu-tools-for-stm32.10.3-2021.10.win32_1.0.0.202111181127/tools/bin/../lib/gcc/arm-none-eabi/10.3.1/../../../../arm-none-eabi/lib/thumb/v7e-m+fp/hard\libc_nano.a(lib_a-sf_nan.o)
                0x0000000008010498                nanf
 .text.__ascii_wctomb
                0x00000000080104a4       0x1a c:/st/stm32cubeide_1.9.0/stm32cubeide/plugins/com.st.stm32cube.ide.mcu.externaltools.gnu-tools-for-stm32.10.3-2021.10.win32_1.0.0.202111181127/tools/bin/../lib/gcc/arm-none-eabi/10.3.1/../../../../arm-none-eabi/lib/thumb/v7e-m+fp/hard\libc_nano.a(lib_a-wctomb_r.o)
                0x00000000080104a4                __ascii_wctomb
 *fill*         0x00000000080104be        0x2 
 .text.__assert_func
                0x00000000080104c0       0x3c c:/st/stm32cubeide_1.9.0/stm32cubeide/plugins/com.st.stm32cube.ide.mcu.externaltools.gnu-tools-for-stm32.10.3-2021.10.win32_1.0.0.202111181127/tools/bin/../lib/gcc/arm-none-eabi/10.3.1/../../../../arm-none-eabi/lib/thumb/v7e-m+fp/hard\libc_nano.a(lib_a-assert.o)
                0x00000000080104c0                __assert_func
 .text.fprintf  0x00000000080104fc       0x24 c:/st/stm32cubeide_1.9.0/stm32cubeide/plugins/com.st.stm32cube.ide.mcu.externaltools.gnu-tools-for-stm32.10.3-2021.10.win32_1.0.0.202111181127/tools/bin/../lib/gcc/arm-none-eabi/10.3.1/../../../../arm-none-eabi/lib/thumb/v7e-m+fp/hard\libc_nano.a(lib_a-fprintf.o)
                0x00000000080104fc                fiprintf
                0x00000000080104fc                fprintf
 .text.memmove  0x0000000008010520       0x34 c:/st/stm32cubeide_1.9.0/stm32cubeide/plugins/com.st.stm32cube.ide.mcu.externaltools.gnu-tools-for-stm32.10.3-2021.10.win32_1.0.0.202111181127/tools/bin/../lib/gcc/arm-none-eabi/10.3.1/../../../../arm-none-eabi/lib/thumb/v7e-m+fp/hard\libc_nano.a(lib_a-memmove.o)
                0x0000000008010520                memmove
 .text.__malloc_lock
                0x0000000008010554        0xc c:/st/stm32cubeide_1.9.0/stm32cubeide/plugins/com.st.stm32cube.ide.mcu.externaltools.gnu-tools-for-stm32.10.3-2021.10.win32_1.0.0.202111181127/tools/bin/../lib/gcc/arm-none-eabi/10.3.1/../../../../arm-none-eabi/lib/thumb/v7e-m+fp/hard\libc_nano.a(lib_a-mlock.o)
                0x0000000008010554                __malloc_lock
 .text.__malloc_unlock
                0x0000000008010560        0xc c:/st/stm32cubeide_1.9.0/stm32cubeide/plugins/com.st.stm32cube.ide.mcu.externaltools.gnu-tools-for-stm32.10.3-2021.10.win32_1.0.0.202111181127/tools/bin/../lib/gcc/arm-none-eabi/10.3.1/../../../../arm-none-eabi/lib/thumb/v7e-m+fp/hard\libc_nano.a(lib_a-mlock.o)
                0x0000000008010560                __malloc_unlock
 .text._malloc_usable_size_r
                0x000000000801056c       0x10 c:/st/stm32cubeide_1.9.0/stm32cubeide/plugins/com.st.stm32cube.ide.mcu.externaltools.gnu-tools-for-stm32.10.3-2021.10.win32_1.0.0.202111181127/tools/bin/../lib/gcc/arm-none-eabi/10.3.1/../../../../arm-none-eabi/lib/thumb/v7e-m+fp/hard\libc_nano.a(lib_a-nano-msizer.o)
                0x000000000801056c                _malloc_usable_size_r
 .text.__sfputc_r
                0x000000000801057c       0x2e c:/st/stm32cubeide_1.9.0/stm32cubeide/plugins/com.st.stm32cube.ide.mcu.externaltools.gnu-tools-for-stm32.10.3-2021.10.win32_1.0.0.202111181127/tools/bin/../lib/gcc/arm-none-eabi/10.3.1/../../../../arm-none-eabi/lib/thumb/v7e-m+fp/hard\libc_nano.a(lib_a-nano-vfprintf.o)
 .text.__sfputs_r
                0x00000000080105aa       0x24 c:/st/stm32cubeide_1.9.0/stm32cubeide/plugins/com.st.stm32cube.ide.mcu.externaltools.gnu-tools-for-stm32.10.3-2021.10.win32_1.0.0.202111181127/tools/bin/../lib/gcc/arm-none-eabi/10.3.1/../../../../arm-none-eabi/lib/thumb/v7e-m+fp/hard\libc_nano.a(lib_a-nano-vfprintf.o)
                0x00000000080105aa                __sfputs_r
 *fill*         0x00000000080105ce        0x2 
 .text._vfprintf_r
                0x00000000080105d0      0x260 c:/st/stm32cubeide_1.9.0/stm32cubeide/plugins/com.st.stm32cube.ide.mcu.externaltools.gnu-tools-for-stm32.10.3-2021.10.win32_1.0.0.202111181127/tools/bin/../lib/gcc/arm-none-eabi/10.3.1/../../../../arm-none-eabi/lib/thumb/v7e-m+fp/hard\libc_nano.a(lib_a-nano-vfprintf.o)
                0x00000000080105d0                _vfprintf_r
                0x00000000080105d0                _vfiprintf_r
 .text.__swbuf_r
                0x0000000008010830       0xa4 c:/st/stm32cubeide_1.9.0/stm32cubeide/plugins/com.st.stm32cube.ide.mcu.externaltools.gnu-tools-for-stm32.10.3-2021.10.win32_1.0.0.202111181127/tools/bin/../lib/gcc/arm-none-eabi/10.3.1/../../../../arm-none-eabi/lib/thumb/v7e-m+fp/hard\libc_nano.a(lib_a-wbuf.o)
                0x0000000008010830                __swbuf_r
 .text.__swsetup_r
                0x00000000080108d4       0xdc c:/st/stm32cubeide_1.9.0/stm32cubeide/plugins/com.st.stm32cube.ide.mcu.externaltools.gnu-tools-for-stm32.10.3-2021.10.win32_1.0.0.202111181127/tools/bin/../lib/gcc/arm-none-eabi/10.3.1/../../../../arm-none-eabi/lib/thumb/v7e-m+fp/hard\libc_nano.a(lib_a-wsetup.o)
                0x00000000080108d4                __swsetup_r
 .text.abort    0x00000000080109b0        0xe c:/st/stm32cubeide_1.9.0/stm32cubeide/plugins/com.st.stm32cube.ide.mcu.externaltools.gnu-tools-for-stm32.10.3-2021.10.win32_1.0.0.202111181127/tools/bin/../lib/gcc/arm-none-eabi/10.3.1/../../../../arm-none-eabi/lib/thumb/v7e-m+fp/hard\libc_nano.a(lib_a-abort.o)
                0x00000000080109b0                abort
 *fill*         0x00000000080109be        0x2 
 .text.__sflush_r
                0x00000000080109c0      0x10c c:/st/stm32cubeide_1.9.0/stm32cubeide/plugins/com.st.stm32cube.ide.mcu.externaltools.gnu-tools-for-stm32.10.3-2021.10.win32_1.0.0.202111181127/tools/bin/../lib/gcc/arm-none-eabi/10.3.1/../../../../arm-none-eabi/lib/thumb/v7e-m+fp/hard\libc_nano.a(lib_a-fflush.o)
                0x00000000080109c0                __sflush_r
 .text._fflush_r
                0x0000000008010acc       0x78 c:/st/stm32cubeide_1.9.0/stm32cubeide/plugins/com.st.stm32cube.ide.mcu.externaltools.gnu-tools-for-stm32.10.3-2021.10.win32_1.0.0.202111181127/tools/bin/../lib/gcc/arm-none-eabi/10.3.1/../../../../arm-none-eabi/lib/thumb/v7e-m+fp/hard\libc_nano.a(lib_a-fflush.o)
                0x0000000008010acc                _fflush_r
 .text.std      0x0000000008010b44       0x48 c:/st/stm32cubeide_1.9.0/stm32cubeide/plugins/com.st.stm32cube.ide.mcu.externaltools.gnu-tools-for-stm32.10.3-2021.10.win32_1.0.0.202111181127/tools/bin/../lib/gcc/arm-none-eabi/10.3.1/../../../../arm-none-eabi/lib/thumb/v7e-m+fp/hard\libc_nano.a(lib_a-findfp.o)
 .text._cleanup_r
                0x0000000008010b8c        0xc c:/st/stm32cubeide_1.9.0/stm32cubeide/plugins/com.st.stm32cube.ide.mcu.externaltools.gnu-tools-for-stm32.10.3-2021.10.win32_1.0.0.202111181127/tools/bin/../lib/gcc/arm-none-eabi/10.3.1/../../../../arm-none-eabi/lib/thumb/v7e-m+fp/hard\libc_nano.a(lib_a-findfp.o)
                0x0000000008010b8c                _cleanup_r
 .text.__sfmoreglue
                0x0000000008010b98       0x2c c:/st/stm32cubeide_1.9.0/stm32cubeide/plugins/com.st.stm32cube.ide.mcu.externaltools.gnu-tools-for-stm32.10.3-2021.10.win32_1.0.0.202111181127/tools/bin/../lib/gcc/arm-none-eabi/10.3.1/../../../../arm-none-eabi/lib/thumb/v7e-m+fp/hard\libc_nano.a(lib_a-findfp.o)
                0x0000000008010b98                __sfmoreglue
 .text.__sfp_lock_acquire
                0x0000000008010bc4        0xc c:/st/stm32cubeide_1.9.0/stm32cubeide/plugins/com.st.stm32cube.ide.mcu.externaltools.gnu-tools-for-stm32.10.3-2021.10.win32_1.0.0.202111181127/tools/bin/../lib/gcc/arm-none-eabi/10.3.1/../../../../arm-none-eabi/lib/thumb/v7e-m+fp/hard\libc_nano.a(lib_a-findfp.o)
                0x0000000008010bc4                __sfp_lock_acquire
 .text.__sfp_lock_release
                0x0000000008010bd0        0xc c:/st/stm32cubeide_1.9.0/stm32cubeide/plugins/com.st.stm32cube.ide.mcu.externaltools.gnu-tools-for-stm32.10.3-2021.10.win32_1.0.0.202111181127/tools/bin/../lib/gcc/arm-none-eabi/10.3.1/../../../../arm-none-eabi/lib/thumb/v7e-m+fp/hard\libc_nano.a(lib_a-findfp.o)
                0x0000000008010bd0                __sfp_lock_release
 .text.__sinit_lock_acquire
                0x0000000008010bdc        0xc c:/st/stm32cubeide_1.9.0/stm32cubeide/plugins/com.st.stm32cube.ide.mcu.externaltools.gnu-tools-for-stm32.10.3-2021.10.win32_1.0.0.202111181127/tools/bin/../lib/gcc/arm-none-eabi/10.3.1/../../../../arm-none-eabi/lib/thumb/v7e-m+fp/hard\libc_nano.a(lib_a-findfp.o)
                0x0000000008010bdc                __sinit_lock_acquire
 .text.__sinit_lock_release
                0x0000000008010be8        0xc c:/st/stm32cubeide_1.9.0/stm32cubeide/plugins/com.st.stm32cube.ide.mcu.externaltools.gnu-tools-for-stm32.10.3-2021.10.win32_1.0.0.202111181127/tools/bin/../lib/gcc/arm-none-eabi/10.3.1/../../../../arm-none-eabi/lib/thumb/v7e-m+fp/hard\libc_nano.a(lib_a-findfp.o)
                0x0000000008010be8                __sinit_lock_release
 .text.__sinit  0x0000000008010bf4       0x70 c:/st/stm32cubeide_1.9.0/stm32cubeide/plugins/com.st.stm32cube.ide.mcu.externaltools.gnu-tools-for-stm32.10.3-2021.10.win32_1.0.0.202111181127/tools/bin/../lib/gcc/arm-none-eabi/10.3.1/../../../../arm-none-eabi/lib/thumb/v7e-m+fp/hard\libc_nano.a(lib_a-findfp.o)
                0x0000000008010bf4                __sinit
 .text.__sfp    0x0000000008010c64       0x8c c:/st/stm32cubeide_1.9.0/stm32cubeide/plugins/com.st.stm32cube.ide.mcu.externaltools.gnu-tools-for-stm32.10.3-2021.10.win32_1.0.0.202111181127/tools/bin/../lib/gcc/arm-none-eabi/10.3.1/../../../../arm-none-eabi/lib/thumb/v7e-m+fp/hard\libc_nano.a(lib_a-findfp.o)
                0x0000000008010c64                __sfp
 .text._fwalk_reent
                0x0000000008010cf0       0x3e c:/st/stm32cubeide_1.9.0/stm32cubeide/plugins/com.st.stm32cube.ide.mcu.externaltools.gnu-tools-for-stm32.10.3-2021.10.win32_1.0.0.202111181127/tools/bin/../lib/gcc/arm-none-eabi/10.3.1/../../../../arm-none-eabi/lib/thumb/v7e-m+fp/hard\libc_nano.a(lib_a-fwalk.o)
                0x0000000008010cf0                _fwalk_reent
 .text.__retarget_lock_init_recursive
                0x0000000008010d2e        0x2 c:/st/stm32cubeide_1.9.0/stm32cubeide/plugins/com.st.stm32cube.ide.mcu.externaltools.gnu-tools-for-stm32.10.3-2021.10.win32_1.0.0.202111181127/tools/bin/../lib/gcc/arm-none-eabi/10.3.1/../../../../arm-none-eabi/lib/thumb/v7e-m+fp/hard\libc_nano.a(lib_a-lock.o)
                0x0000000008010d2e                __retarget_lock_init_recursive
 .text.__retarget_lock_acquire_recursive
                0x0000000008010d30        0x2 c:/st/stm32cubeide_1.9.0/stm32cubeide/plugins/com.st.stm32cube.ide.mcu.externaltools.gnu-tools-for-stm32.10.3-2021.10.win32_1.0.0.202111181127/tools/bin/../lib/gcc/arm-none-eabi/10.3.1/../../../../arm-none-eabi/lib/thumb/v7e-m+fp/hard\libc_nano.a(lib_a-lock.o)
                0x0000000008010d30                __retarget_lock_acquire_recursive
 .text.__retarget_lock_release_recursive
                0x0000000008010d32        0x2 c:/st/stm32cubeide_1.9.0/stm32cubeide/plugins/com.st.stm32cube.ide.mcu.externaltools.gnu-tools-for-stm32.10.3-2021.10.win32_1.0.0.202111181127/tools/bin/../lib/gcc/arm-none-eabi/10.3.1/../../../../arm-none-eabi/lib/thumb/v7e-m+fp/hard\libc_nano.a(lib_a-lock.o)
                0x0000000008010d32                __retarget_lock_release_recursive
 .text.__swhatbuf_r
                0x0000000008010d34       0x4a c:/st/stm32cubeide_1.9.0/stm32cubeide/plugins/com.st.stm32cube.ide.mcu.externaltools.gnu-tools-for-stm32.10.3-2021.10.win32_1.0.0.202111181127/tools/bin/../lib/gcc/arm-none-eabi/10.3.1/../../../../arm-none-eabi/lib/thumb/v7e-m+fp/hard\libc_nano.a(lib_a-makebuf.o)
                0x0000000008010d34                __swhatbuf_r
 *fill*         0x0000000008010d7e        0x2 
 .text.__smakebuf_r
                0x0000000008010d80       0x80 c:/st/stm32cubeide_1.9.0/stm32cubeide/plugins/com.st.stm32cube.ide.mcu.externaltools.gnu-tools-for-stm32.10.3-2021.10.win32_1.0.0.202111181127/tools/bin/../lib/gcc/arm-none-eabi/10.3.1/../../../../arm-none-eabi/lib/thumb/v7e-m+fp/hard\libc_nano.a(lib_a-makebuf.o)
                0x0000000008010d80                __smakebuf_r
 .text._raise_r
                0x0000000008010e00       0x50 c:/st/stm32cubeide_1.9.0/stm32cubeide/plugins/com.st.stm32cube.ide.mcu.externaltools.gnu-tools-for-stm32.10.3-2021.10.win32_1.0.0.202111181127/tools/bin/../lib/gcc/arm-none-eabi/10.3.1/../../../../arm-none-eabi/lib/thumb/v7e-m+fp/hard\libc_nano.a(lib_a-signal.o)
                0x0000000008010e00                _raise_r
 .text.raise    0x0000000008010e50       0x10 c:/st/stm32cubeide_1.9.0/stm32cubeide/plugins/com.st.stm32cube.ide.mcu.externaltools.gnu-tools-for-stm32.10.3-2021.10.win32_1.0.0.202111181127/tools/bin/../lib/gcc/arm-none-eabi/10.3.1/../../../../arm-none-eabi/lib/thumb/v7e-m+fp/hard\libc_nano.a(lib_a-signal.o)
                0x0000000008010e50                raise
 .text._kill_r  0x0000000008010e60       0x24 c:/st/stm32cubeide_1.9.0/stm32cubeide/plugins/com.st.stm32cube.ide.mcu.externaltools.gnu-tools-for-stm32.10.3-2021.10.win32_1.0.0.202111181127/tools/bin/../lib/gcc/arm-none-eabi/10.3.1/../../../../arm-none-eabi/lib/thumb/v7e-m+fp/hard\libc_nano.a(lib_a-signalr.o)
                0x0000000008010e60                _kill_r
 .text._getpid_r
                0x0000000008010e84        0x4 c:/st/stm32cubeide_1.9.0/stm32cubeide/plugins/com.st.stm32cube.ide.mcu.externaltools.gnu-tools-for-stm32.10.3-2021.10.win32_1.0.0.202111181127/tools/bin/../lib/gcc/arm-none-eabi/10.3.1/../../../../arm-none-eabi/lib/thumb/v7e-m+fp/hard\libc_nano.a(lib_a-signalr.o)
                0x0000000008010e84                _getpid_r
 .text.__sread  0x0000000008010e88       0x22 c:/st/stm32cubeide_1.9.0/stm32cubeide/plugins/com.st.stm32cube.ide.mcu.externaltools.gnu-tools-for-stm32.10.3-2021.10.win32_1.0.0.202111181127/tools/bin/../lib/gcc/arm-none-eabi/10.3.1/../../../../arm-none-eabi/lib/thumb/v7e-m+fp/hard\libc_nano.a(lib_a-stdio.o)
                0x0000000008010e88                __sread
 .text.__swrite